Component: ARM Compiler 5.05 update 1 (build 106) Tool: armlink [4d0efa]

==============================================================================

Section Cross References

    main.o(i.get_time) refers to rtc.o(i.RTC_Get) for RTC_Get
    main.o(i.led0_task) refers to delay.o(i.delay_ms) for delay_ms
    main.o(i.led1_task) refers to delay.o(i.delay_ms) for delay_ms
    main.o(i.main) refers to delay.o(i.delay_init) for delay_init
    main.o(i.main) refers to misc.o(i.NVIC_PriorityGroupConfig) for NVIC_PriorityGroupConfig
    main.o(i.main) refers to led.o(i.LED_Init) for LED_Init
    main.o(i.main) refers to rtc.o(i.RTC_Init) for RTC_Init
    main.o(i.main) refers to tapdev.o(i.tapdev_init) for tapdev_init
    main.o(i.main) refers to uip.o(i.uip_init) for uip_init
    main.o(i.main) refers to uip.o(i.uip_listen) for uip_listen
    main.o(i.main) refers to tcp_client_demo.o(i.tcp_client_reconnect) for tcp_client_reconnect
    main.o(i.main) refers to os_core.o(i.OSInit) for OSInit
    main.o(i.main) refers to os_task.o(i.OSTaskCreate) for OSTaskCreate
    main.o(i.main) refers to os_core.o(i.OSStart) for OSStart
    main.o(i.main) refers to uip.o(.data) for uip_hostaddr
    main.o(i.main) refers to main.o(.bss) for START_TASK_STK
    main.o(i.main) refers to main.o(i.start_task) for start_task
    main.o(i.network_task) refers to main.o(i.uip_polling) for uip_polling
    main.o(i.network_task) refers to delay.o(i.delay_ms) for delay_ms
    main.o(i.start_task) refers to os_cpu_a.o(.text) for OS_CPU_SR_Save
    main.o(i.start_task) refers to os_task.o(i.OSTaskCreate) for OSTaskCreate
    main.o(i.start_task) refers to os_task.o(i.OSTaskSuspend) for OSTaskSuspend
    main.o(i.start_task) refers to main.o(.bss) for LED0_TASK_STK
    main.o(i.start_task) refers to main.o(i.led0_task) for led0_task
    main.o(i.start_task) refers to main.o(i.led1_task) for led1_task
    main.o(i.start_task) refers to main.o(i.network_task) for network_task
    main.o(i.uip_polling) refers to timer.o(i.timer_set) for timer_set
    main.o(i.uip_polling) refers to tapdev.o(i.tapdev_read) for tapdev_read
    main.o(i.uip_polling) refers to uip.o(i.htons) for htons
    main.o(i.uip_polling) refers to uip.o(i.uip_process) for uip_process
    main.o(i.uip_polling) refers to uip_arp.o(i.uip_arp_out) for uip_arp_out
    main.o(i.uip_polling) refers to tapdev.o(i.tapdev_send) for tapdev_send
    main.o(i.uip_polling) refers to uip_arp.o(i.uip_arp_arpin) for uip_arp_arpin
    main.o(i.uip_polling) refers to timer.o(i.timer_expired) for timer_expired
    main.o(i.uip_polling) refers to timer.o(i.timer_reset) for timer_reset
    main.o(i.uip_polling) refers to uip_arp.o(i.uip_arp_timer) for uip_arp_timer
    main.o(i.uip_polling) refers to main.o(.data) for timer_ok
    main.o(i.uip_polling) refers to uip.o(.data) for uip_len
    main.o(i.uip_polling) refers to uip.o(.bss) for uip_buf
    system_stm32f10x.o(i.SetSysClock) refers to system_stm32f10x.o(i.SetSysClockTo72) for SetSysClockTo72
    system_stm32f10x.o(i.SystemCoreClockUpdate) refers to system_stm32f10x.o(.data) for SystemCoreClock
    system_stm32f10x.o(i.SystemInit) refers to system_stm32f10x.o(i.SetSysClock) for SetSysClock
    led.o(i.LED_Init) refers to stm32f10x_rcc.o(i.RCC_APB2PeriphClockCmd) for RCC_APB2PeriphClockCmd
    led.o(i.LED_Init) refers to stm32f10x_gpio.o(i.GPIO_Init) for GPIO_Init
    led.o(i.LED_Init) refers to stm32f10x_gpio.o(i.GPIO_SetBits) for GPIO_SetBits
    enc28j60.o(i.ENC28J60_Get_EREVID) refers to enc28j60.o(i.ENC28J60_Read) for ENC28J60_Read
    enc28j60.o(i.ENC28J60_Init) refers to enc28j60.o(i.ENC28J60_Reset) for ENC28J60_Reset
    enc28j60.o(i.ENC28J60_Init) refers to enc28j60.o(i.ENC28J60_Write_Op) for ENC28J60_Write_Op
    enc28j60.o(i.ENC28J60_Init) refers to delay.o(i.delay_ms) for delay_ms
    enc28j60.o(i.ENC28J60_Init) refers to enc28j60.o(i.ENC28J60_Read) for ENC28J60_Read
    enc28j60.o(i.ENC28J60_Init) refers to enc28j60.o(i.ENC28J60_Write) for ENC28J60_Write
    enc28j60.o(i.ENC28J60_Init) refers to enc28j60.o(i.ENC28J60_PHY_Write) for ENC28J60_PHY_Write
    enc28j60.o(i.ENC28J60_Init) refers to enc28j60.o(i.ENC28J60_Set_Bank) for ENC28J60_Set_Bank
    enc28j60.o(i.ENC28J60_Init) refers to enc28j60.o(.data) for NextPacketPtr
    enc28j60.o(i.ENC28J60_PHY_Write) refers to enc28j60.o(i.ENC28J60_Write) for ENC28J60_Write
    enc28j60.o(i.ENC28J60_PHY_Write) refers to enc28j60.o(i.ENC28J60_Read) for ENC28J60_Read
    enc28j60.o(i.ENC28J60_Packet_Receive) refers to enc28j60.o(i.ENC28J60_Read) for ENC28J60_Read
    enc28j60.o(i.ENC28J60_Packet_Receive) refers to enc28j60.o(i.ENC28J60_Write) for ENC28J60_Write
    enc28j60.o(i.ENC28J60_Packet_Receive) refers to enc28j60.o(i.ENC28J60_Read_Op) for ENC28J60_Read_Op
    enc28j60.o(i.ENC28J60_Packet_Receive) refers to enc28j60.o(i.ENC28J60_Read_Buf) for ENC28J60_Read_Buf
    enc28j60.o(i.ENC28J60_Packet_Receive) refers to enc28j60.o(i.ENC28J60_Write_Op) for ENC28J60_Write_Op
[...]
    .data                                    0x20000034   Section        2  rtc.o(.data)
    daycnt                                   0x20000034   Data           2  rtc.o(.data)
    .data                                    0x20000036   Section        4  delay.o(.data)
    fac_us                                   0x20000036   Data           1  delay.o(.data)
    fac_ms                                   0x20000038   Data           2  delay.o(.data)
    .data                                    0x2000003c   Section        6  usart.o(.data)
    .data                                    0x20000044   Section       72  os_core.o(.data)
    .data                                    0x2000008c   Section       56  uip.o(.data)
    ipid                                     0x200000b4   Data           2  uip.o(.data)
    iss                                      0x200000b6   Data           4  uip.o(.data)
    lastport                                 0x200000ba   Data           2  uip.o(.data)
    c                                        0x200000c0   Data           1  uip.o(.data)
    opt                                      0x200000c1   Data           1  uip.o(.data)
    tmp16                                    0x200000c2   Data           2  uip.o(.data)
    .data                                    0x200000c4   Section        8  uip_arp.o(.data)
    ipaddr                                   0x200000c4   Data           4  uip_arp.o(.data)
    i                                        0x200000c8   Data           1  uip_arp.o(.data)
    c                                        0x200000c9   Data           1  uip_arp.o(.data)
    arptime                                  0x200000ca   Data           1  uip_arp.o(.data)
    tmpage                                   0x200000cb   Data           1  uip_arp.o(.data)
    .data                                    0x200000cc   Section        1  tcp_client_demo.o(.data)
    .data                                    0x200000cd   Section        1  tcp_server_demo.o(.data)
    .data                                    0x200000d0   Section       12  httpd.o(.data)
    .data                                    0x200000dc   Section       52  httpd-cgi.o(.data)
    calls                                    0x200000dc   Data          16  httpd-cgi.o(.data)
    states                                   0x200000ec   Data          36  httpd-cgi.o(.data)
    .data                                    0x20000110   Section     1553  httpd-fs.o(.data)
    .bss                                     0x20000724   Section     1024  main.o(.bss)
    .bss                                     0x20000b24   Section       10  rtc.o(.bss)
    .bss                                     0x20000b2e   Section      200  usart.o(.bss)
    .bss                                     0x20000bf8   Section     2688  os_core.o(.bss)
    .bss                                     0x20001678   Section     5824  uip.o(.bss)
    .bss                                     0x20002d38   Section       96  uip_arp.o(.bss)
    arp_table                                0x20002d38   Data          96  uip_arp.o(.bss)
    .bss                                     0x20002d98   Section      200  tcp_client_demo.o(.bss)
    .bss                                     0x20002e60   Section      200  tcp_server_demo.o(.bss)
    .bss                                     0x20002f28   Section       20  httpd-fs.o(.bss)
    count                                    0x20002f28   Data          20  httpd-fs.o(.bss)
    .bss                                     0x20002f3c   Section       96  libspace.o(.bss)
    HEAP                                     0x20002fa0   Section      512  startup_stm32f10x_hd.o(HEAP)
    Heap_Mem                                 0x20002fa0   Data         512  startup_stm32f10x_hd.o(HEAP)
    STACK                                    0x200031a0   Section     1024  startup_stm32f10x_hd.o(STACK)
    Stack_Mem                                0x200031a0   Data        1024  startup_stm32f10x_hd.o(STACK)
    __initial_sp                             0x200035a0   Data           0  startup_stm32f10x_hd.o(STACK)

    Global Symbols

    Symbol Name                              Value     Ov Type        Size  Object(Section)

    BuildAttributes$$THM_ISAv4$P$D$K$B$S$PE$A:L22UL41UL21$X:L11$S22US41US21$IEEE1$IW$USESV6$~STKCKD$USESV7$~SHL$OTIME$ROPI$IEEEJ$EBA8$UX$STANDARDLIB$REQ8$PRES8$EABIv2 0x00000000   Number         0  anon$$obj.o ABSOLUTE
    __ARM_use_no_argv                        0x00000000   Number         0  main.o ABSOLUTE
    _printf_flags                            0x00000000   Number         0  printf_stubs.o ABSOLUTE
    _printf_return_value                     0x00000000   Number         0  printf_stubs.o ABSOLUTE
    _printf_sizespec                         0x00000000   Number         0  printf_stubs.o ABSOLUTE
    _printf_widthprec                        0x00000000   Number         0  printf_stubs.o ABSOLUTE
    __ARM_exceptions_init                     - Undefined Weak Reference
    __alloca_initialize                       - Undefined Weak Reference
    __arm_preinit_                            - Undefined Weak Reference
    __cpp_initialize__aeabi_                  - Undefined Weak Reference
    __cxa_finalize                            - Undefined Weak Reference
    __sigvec_lookup                           - Undefined Weak Reference
    _atexit_init                              - Undefined Weak Reference
    _call_atexit_fns                          - Undefined Weak Reference
    _clock_init                               - Undefined Weak Reference
    _fp_trap_init                             - Undefined Weak Reference
    _fp_trap_shutdown                         - Undefined Weak Reference
    _get_lc_collate                           - Undefined Weak Reference
    _get_lc_monetary                          - Undefined Weak Reference
    _get_lc_time                              - Undefined Weak Reference
    _getenv_init                              - Undefined Weak Reference
    _handle_redirection                       - Undefined Weak Reference
    _init_alloc                               - Undefined Weak Reference
    _init_user_alloc                          - Undefined Weak Reference
    _initio                                   - Undefined Weak Reference
    _mutex_acquire                            - Undefined Weak Reference
    _mutex_release                            - Undefined Weak Reference
    _printf_fp_hex                            - Undefined Weak Reference
    _printf_mbtowc                            - Undefined Weak Reference
    _printf_wc                                - Undefined Weak Reference
    _rand_init                                - Undefined Weak Reference
    _signal_finish                            - Undefined Weak Reference
    _signal_init                              - Undefined Weak Reference
    _terminate_alloc                          - Undefined Weak Reference
    _terminate_user_alloc                     - Undefined Weak Reference
    _terminateio                              - Undefined Weak Reference
    __Vectors_Size                           0x00000130   Number         0  startup_stm32f10x_hd.o ABSOLUTE
    __Vectors                                0x08000000   Data           4  startup_stm32f10x_hd.o(RESET)
    __Vectors_End                            0x08000130   Data           0  startup_stm32f10x_hd.o(RESET)
    __main                                   0x08000131   Thumb Code     8  __main.o(!!!main)
    __scatterload                            0x08000139   Thumb Code     0  __scatter.o(!!!scatter)
    __scatterload_rt2                        0x08000139   Thumb Code    44  __scatter.o(!!!scatter)
    __scatterload_rt2_thumb_only             0x08000139   Thumb Code     0  __scatter.o(!!!scatter)
    __scatterload_null                       0x08000147   Thumb Code     0  __scatter.o(!!!scatter)
    __decompress                             0x0800016d   Thumb Code   100  __dclz77c.o(!!dclz77c)
    __decompress2                            0x0800016d   Thumb Code     0  __dclz77c.o(!!dclz77c)
    __scatterload_zeroinit                   0x080001d1   Thumb Code    28  __scatter_zi.o(!!handler_zi)
    _printf_d                                0x080001ed   Thumb Code     0  _printf_d.o(.ARM.Collect$$_printf_percent$$00000009)
    _printf_percent                          0x080001ed   Thumb Code     0  _printf_percent.o(.ARM.Collect$$_printf_percent$$00000000)
    _printf_u                                0x080001f3   Thumb Code     0  _printf_u.o(.ARM.Collect$$_printf_percent$$0000000A)
    _printf_c                                0x080001f9   Thumb Code     0  _printf_c.o(.ARM.Collect$$_printf_percent$$00000013)
    _printf_s                                0x080001ff   Thumb Code     0  _printf_s.o(.ARM.Collect$$_printf_percent$$00000014)
    _printf_percent_end                      0x08000205   Thumb Code     0  _printf_percent_end.o(.ARM.Collect$$_printf_percent$$00000017)
    __rt_lib_init                            0x08000209   Thumb Code     0  libinit.o(.ARM.Collect$$libinit$$00000000)
    __rt_lib_init_alloca_1                   0x0800020b   Thumb Code     0  libinit2.o(.ARM.Collect$$libinit$$0000002E)
    __rt_lib_init_argv_1                     0x0800020b   Thumb Code     0  libinit2.o(.ARM.Collect$$libinit$$0000002C)
    __rt_lib_init_atexit_1                   0x0800020b   Thumb Code     0  libinit2.o(.ARM.Collect$$libinit$$0000001B)
    __rt_lib_init_clock_1                    0x0800020b   Thumb Code     0  libinit2.o(.ARM.Collect$$libinit$$00000021)
    __rt_lib_init_cpp_1                      0x0800020b   Thumb Code     0  libinit2.o(.ARM.Collect$$libinit$$00000032)
    __rt_lib_init_exceptions_1               0x0800020b   Thumb Code     0  libinit2.o(.ARM.Collect$$libinit$$00000030)
    __rt_lib_init_fp_1                       0x0800020b   Thumb Code     0  libinit2.o(.ARM.Collect$$libinit$$00000002)
    __rt_lib_init_fp_trap_1                  0x0800020b   Thumb Code     0  libinit2.o(.ARM.Collect$$libinit$$0000001F)
    __rt_lib_init_getenv_1                   0x0800020b   Thumb Code     0  libinit2.o(.ARM.Collect$$libinit$$00000023)
    __rt_lib_init_heap_1                     0x0800020b   Thumb Code     0  libinit2.o(.ARM.Collect$$libinit$$0000000A)
    __rt_lib_init_lc_collate_1               0x0800020b   Thumb Code     0  libinit2.o(.ARM.Collect$$libinit$$00000011)
    __rt_lib_init_lc_ctype_1                 0x0800020b   Thumb Code     0  libinit2.o(.ARM.Collect$$libinit$$00000013)
    __rt_lib_init_lc_monetary_1              0x0800020b   Thumb Code     0  libinit2.o(.ARM.Collect$$libinit$$00000015)
    __rt_lib_init_lc_numeric_1               0x0800020b   Thumb Code     0  libinit2.o(.ARM.Collect$$libinit$$00000017)
    __rt_lib_init_lc_time_1                  0x0800020b   Thumb Code     0  libinit2.o(.ARM.Collect$$libinit$$00000019)
    __rt_lib_init_preinit_1                  0x0800020b   Thumb Code     0  libinit2.o(.ARM.Collect$$libinit$$00000004)
    __rt_lib_init_rand_1                     0x0800020b   Thumb Code     0  libinit2.o(.ARM.Collect$$libinit$$0000000E)
    __rt_lib_init_return                     0x0800020b   Thumb Code     0  libinit2.o(.ARM.Collect$$libinit$$00000033)
    __rt_lib_init_signal_1                   0x0800020b   Thumb Code     0  libinit2.o(.ARM.Collect$$libinit$$0000001D)
    __rt_lib_init_stdio_1                    0x0800020b   Thumb Code     0  libinit2.o(.ARM.Collect$$libinit$$00000025)
    __rt_lib_init_user_alloc_1               0x0800020b   Thumb Code     0  libinit2.o(.ARM.Collect$$libinit$$0000000C)
    __rt_lib_shutdown                        0x0800020d   Thumb Code     0  libshutdown.o(.ARM.Collect$$libshutdown$$00000000)
    __rt_lib_shutdown_fp_trap_1              0x0800020f   Thumb Code     0  libshutdown2.o(.ARM.Collect$$libshutdown$$00000006)
    __rt_lib_shutdown_heap_1                 0x0800020f   Thumb Code     0  libshutdown2.o(.ARM.Collect$$libshutdown$$0000000E)
    __rt_lib_shutdown_return                 0x0800020f   Thumb Code     0  libshutdown2.o(.ARM.Collect$$libshutdown$$0000000F)
    __rt_lib_shutdown_signal_1               0x0800020f   Thumb Code     0  libshutdown2.o(.ARM.Collect$$libshutdown$$00000009)
    __rt_lib_shutdown_stdio_1                0x0800020f   Thumb Code     0  libshutdown2.o(.ARM.Collect$$libshutdown$$00000003)
    __rt_lib_shutdown_user_alloc_1           0x0800020f   Thumb Code     0  libshutdown2.o(.ARM.Collect$$libshutdown$$0000000B)
    __rt_entry                               0x08000211   Thumb Code     0  __rtentry.o(.ARM.Collect$$rtentry$$00000000)
    __rt_entry_presh_1                       0x08000211   Thumb Code     0  __rtentry2.o(.ARM.Collect$$rtentry$$00000002)
    __rt_entry_sh                            0x08000211   Thumb Code     0  __rtentry4.o(.ARM.Collect$$rtentry$$00000004)
    __rt_entry_li                            0x08000217   Thumb Code     0  __rtentry2.o(.ARM.Collect$$rtentry$$0000000A)
    __rt_entry_postsh_1                      0x08000217   Thumb Code     0  __rtentry2.o(.ARM.Collect$$rtentry$$00000009)
    __rt_entry_main                          0x0800021b   Thumb Code     0  __rtentry2.o(.ARM.Collect$$rtentry$$0000000D)
    __rt_entry_postli_1                      0x0800021b   Thumb Code     0  __rtentry2.o(.ARM.Collect$$rtentry$$0000000C)
    __rt_exit                                0x08000223   Thumb Code     0  rtexit.o(.ARM.Collect$$rtexit$$00000000)
    __rt_exit_ls                             0x08000225   Thumb Code     0  rtexit2.o(.ARM.Collect$$rtexit$$00000003)
    __rt_exit_prels_1                        0x08000225   Thumb Code     0  rtexit2.o(.ARM.Collect$$rtexit$$00000002)
    __rt_exit_exit                           0x08000229   Thumb Code     0  rtexit2.o(.ARM.Collect$$rtexit$$00000004)
    Reset_Handler                            0x08000231   Thumb Code     8  startup_stm32f10x_hd.o(.text)
    ADC1_2_IRQHandler                        0x0800024b   Thumb Code     0  startup_stm32f10x_hd.o(.text)
    ADC3_IRQHandler                          0x0800024b   Thumb Code     0  startup_stm32f10x_hd.o(.text)
    CAN1_RX1_IRQHandler                      0x0800024b   Thumb Code     0  startup_stm32f10x_hd.o(.text)
    CAN1_SCE_IRQHandler                      0x0800024b   Thumb Code     0  startup_stm32f10x_hd.o(.text)
    DMA1_Channel1_IRQHandler                 0x0800024b   Thumb Code     0  startup_stm32f10x_hd.o(.text)
    DMA1_Channel2_IRQHandler                 0x0800024b   Thumb Code     0  startup_stm32f10x_hd.o(.text)
    DMA1_Channel3_IRQHandler                 0x0800024b   Thumb Code     0  startup_stm32f10x_hd.o(.text)
    DMA1_Channel4_IRQHandler                 0x0800024b   Thumb Code     0  startup_stm32f10x_hd.o(.text)
    DMA1_Channel5_IRQHandler                 0x0800024b   Thumb Code     0  startup_stm32f10x_hd.o(.text)
    DMA1_Channel6_IRQHandler                 0x0800024b   Thumb Code     0  startup_stm32f10x_hd.o(.text)
    DMA1_Channel7_IRQHandler                 0x0800024b   Thumb Code     0  startup_stm32f10x_hd.o(.text)
    DMA2_Channel1_IRQHandler                 0x0800024b   Thumb Code     0  startup_stm32f10x_hd.o(.text)
    DMA2_Channel2_IRQHandler                 0x0800024b   Thumb Code     0  startup_stm32f10x_hd.o(.text)
    DMA2_Channel3_IRQHandler                 0x0800024b   Thumb Code     0  startup_stm32f10x_hd.o(.text)
    DMA2_Channel4_5_IRQHandler               0x0800024b   Thumb Code     0  startup_stm32f10x_hd.o(.text)
    EXTI0_IRQHandler                         0x0800024b   Thumb Code     0  startup_stm32f10x_hd.o(.text)
    EXTI15_10_IRQHandler                     0x0800024b   Thumb Code     0  startup_stm32f10x_hd.o(.text)
    EXTI1_IRQHandler                         0x0800024b   Thumb Code     0  startup_stm32f10x_hd.o(.text)
    EXTI2_IRQHandler                         0x0800024b   Thumb Code     0  startup_stm32f10x_hd.o(.text)
    EXTI3_IRQHandler                         0x0800024b   Thumb Code     0  startup_stm32f10x_hd.o(.text)
    EXTI4_IRQHandler                         0x0800024b   Thumb Code     0  startup_stm32f10x_hd.o(.text)
    EXTI9_5_IRQHandler                       0x0800024b   Thumb Code     0  startup_stm32f10x_hd.o(.text)
    FLASH_IRQHandler                         0x0800024b   Thumb Code     0  startup_stm32f10x_hd.o(.text)
    FSMC_IRQHandler                          0x0800024b   Thumb Code     0  startup_stm32f10x_hd.o(.text)
    I2C1_ER_IRQHandler                       0x0800024b   Thumb Code     0  startup_stm32f10x_hd.o(.text)
    I2C1_EV_IRQHandler                       0x0800024b   Thumb Code     0  startup_stm32f10x_hd.o(.text)
    I2C2_ER_IRQHandler                       0x0800024b   Thumb Code     0  startup_stm32f10x_hd.o(.text)
    I2C2_EV_IRQHandler                       0x0800024b   Thumb Code     0  startup_stm32f10x_hd.o(.text)
    PVD_IRQHandler                           0x0800024b   Thumb Code     0  startup_stm32f10x_hd.o(.text)
    RCC_IRQHandler                           0x0800024b   Thumb Code     0  startup_stm32f10x_hd.o(.text)
    RTCAlarm_IRQHandler                      0x0800024b   Thumb Code     0  startup_stm32f10x_hd.o(.text)
    SDIO_IRQHandler                          0x0800024b   Thumb Code     0  startup_stm32f10x_hd.o(.text)
    SPI1_IRQHandler                          0x0800024b   Thumb Code     0  startup_stm32f10x_hd.o(.text)
    SPI2_IRQHandler                          0x0800024b   Thumb Code     0  startup_stm32f10x_hd.o(.text)
    SPI3_IRQHandler                          0x0800024b   Thumb Code     0  startup_stm32f10x_hd.o(.text)
    TAMPER_IRQHandler                        0x0800024b   Thumb Code     0  startup_stm32f10x_hd.o(.text)
    TIM1_BRK_IRQHandler                      0x0800024b   Thumb Code     0  startup_stm32f10x_hd.o(.text)
    TIM1_CC_IRQHandler                       0x0800024b   Thumb Code     0  startup_stm32f10x_hd.o(.text)
    TIM1_TRG_COM_IRQHandler                  0x0800024b   Thumb Code     0  startup_stm32f10x_hd.o(.text)
    TIM1_UP_IRQHandler                       0x0800024b   Thumb Code     0  startup_stm32f10x_hd.o(.text)
    TIM2_IRQHandler                          0x0800024b   Thumb Code     0  startup_stm32f10x_hd.o(.text)
    TIM3_IRQHandler                          0x0800024b   Thumb Code     0  startup_stm32f10x_hd.o(.text)
    TIM4_IRQHandler                          0x0800024b   Thumb Code     0  startup_stm32f10x_hd.o(.text)
    TIM5_IRQHandler                          0x0800024b   Thumb Code     0  startup_stm32f10x_hd.o(.text)
    TIM7_IRQHandler                          0x0800024b   Thumb Code     0  startup_stm32f10x_hd.o(.text)
    TIM8_BRK_IRQHandler                      0x0800024b   Thumb Code     0  startup_stm32f10x_hd.o(.text)
    TIM8_CC_IRQHandler                       0x0800024b   Thumb Code     0  startup_stm32f10x_hd.o(.text)
    TIM8_TRG_COM_IRQHandler                  0x0800024b   Thumb Code     0  startup_stm32f10x_hd.o(.text)
    TIM8_UP_IRQHandler                       0x0800024b   Thumb Code     0  startup_stm32f10x_hd.o(.text)
    UART4_IRQHandler                         0x0800024b   Thumb Code     0  startup_stm32f10x_hd.o(.text)
    UART5_IRQHandler                         0x0800024b   Thumb Code     0  startup_stm32f10x_hd.o(.text)
    USART2_IRQHandler                        0x0800024b   Thumb Code     0  startup_stm32f10x_hd.o(.text)
    USART3_IRQHandler                        0x0800024b   Thumb Code     0  startup_stm32f10x_hd.o(.text)
    USBWakeUp_IRQHandler                     0x0800024b   Thumb Code     0  startup_stm32f10x_hd.o(.text)
    USB_HP_CAN1_TX_IRQHandler                0x0800024b   Thumb Code     0  startup_stm32f10x_hd.o(.text)
    USB_LP_CAN1_RX0_IRQHandler               0x0800024b   Thumb Code     0  startup_stm32f10x_hd.o(.text)
    WWDG_IRQHandler                          0x0800024b   Thumb Code     0  startup_stm32f10x_hd.o(.text)
    __user_initial_stackheap                 0x0800024d   Thumb Code     0  startup_stm32f10x_hd.o(.text)
    OS_CPU_SR_Save                           0x08000271   Thumb Code     0  os_cpu_a.o(.text)
    OS_CPU_SR_Restore                        0x08000279   Thumb Code     0  os_cpu_a.o(.text)
    OSStartHighRdy                           0x0800027f   Thumb Code     0  os_cpu_a.o(.text)
    OSCtxSw                                  0x080002a1   Thumb Code     0  os_cpu_a.o(.text)
    OSIntCtxSw                               0x080002af   Thumb Code     0  os_cpu_a.o(.text)
    PendSV_Handler                           0x080002bf   Thumb Code     0  os_cpu_a.o(.text)
    __use_no_semihosting                     0x08000325   Thumb Code     2  use_no_semi_2.o(.text)
    __2printf                                0x08000329   Thumb Code    20  __2printf.o(.text)
    __2snprintf                              0x08000341   Thumb Code    50  __2snprintf.o(.text)
    _printf_pre_padding                      0x08000379   Thumb Code    44  _printf_pad.o(.text)
    _printf_post_padding                     0x080003a5   Thumb Code    34  _printf_pad.o(.text)
    _printf_str                              0x080003c7   Thumb Code    82  _printf_str.o(.text)
    _printf_int_dec                          0x08000419   Thumb Code   104  _printf_dec.o(.text)
    __printf                                 0x08000491   Thumb Code   388  __printf_flags_ss_wp.o(.text)
    strchr                                   0x08000619   Thumb Code    20  strchr.o(.text)
    strstr                                   0x0800062d   Thumb Code    36  strstr.o(.text)
    strcpy                                   0x08000651   Thumb Code    72  strcpy.o(.text)
    strrchr                                  0x08000699   Thumb Code    22  strrchr.o(.text)
    strlen                                   0x080006af   Thumb Code    62  strlen.o(.text)
    strncmp                                  0x080006ed   Thumb Code   150  strncmp.o(.text)
    __aeabi_memcpy                           0x08000783   Thumb Code     0  rt_memcpy_v6.o(.text)
    __rt_memcpy                              0x08000783   Thumb Code   138  rt_memcpy_v6.o(.text)
    _memcpy_lastbytes                        0x080007e9   Thumb Code     0  rt_memcpy_v6.o(.text)
    __aeabi_memset                           0x0800080d   Thumb Code    16  aeabi_memset.o(.text)
    strncpy                                  0x0800081d   Thumb Code    86  strncpy.o(.text)
    __use_two_region_memory                  0x08000873   Thumb Code     2  heapauxi.o(.text)
    __rt_heap_escrow$2region                 0x08000875   Thumb Code     2  heapauxi.o(.text)
    __rt_heap_expand$2region                 0x08000877   Thumb Code     2  heapauxi.o(.text)
    __I$use$semihosting                      0x08000879   Thumb Code     0  use_no_semi.o(.text)
    __use_no_semihosting_swi                 0x08000879   Thumb Code     2  use_no_semi.o(.text)
    _printf_int_common                       0x0800087b   Thumb Code   178  _printf_intcommon.o(.text)
    _printf_char_common                      0x08000937   Thumb Code    32  _printf_char_common.o(.text)
    _sputc                                   0x0800095d   Thumb Code    10  _sputc.o(.text)
    _snputc                                  0x08000967   Thumb Code    16  _snputc.o(.text)
    _printf_cs_common                        0x08000977   Thumb Code    20  _printf_char.o(.text)
    _printf_char                             0x0800098b   Thumb Code    16  _printf_char.o(.text)
    _printf_string                           0x0800099b   Thumb Code     8  _printf_char.o(.text)
    _printf_char_file                        0x080009a5   Thumb Code    32  _printf_char_file.o(.text)
    __aeabi_memcpy4                          0x080009c9   Thumb Code     0  rt_memcpy_w.o(.text)
    __aeabi_memcpy8                          0x080009c9   Thumb Code     0  rt_memcpy_w.o(.text)
    __rt_memcpy_w                            0x080009c9   Thumb Code   100  rt_memcpy_w.o(.text)
    _memcpy_lastbytes_aligned                0x08000a11   Thumb Code     0  rt_memcpy_w.o(.text)
    __aeabi_memclr                           0x08000a2d   Thumb Code     0  rt_memclr.o(.text)
    __rt_memclr                              0x08000a2d   Thumb Code    68  rt_memclr.o(.text)
    _memset                                  0x08000a31   Thumb Code     0  rt_memclr.o(.text)
    ferror                                   0x08000a71   Thumb Code     8  ferror.o(.text)
    __aeabi_memclr4                          0x08000a79   Thumb Code     0  rt_memclr_w.o(.text)
    __aeabi_memclr8                          0x08000a79   Thumb Code     0  rt_memclr_w.o(.text)
    __rt_memclr_w                            0x08000a79   Thumb Code    78  rt_memclr_w.o(.text)
    _memset_w                                0x08000a7d   Thumb Code     0  rt_memclr_w.o(.text)
    __user_setup_stackheap                   0x08000ac7   Thumb Code    74  sys_stackheap_outer.o(.text)
    exit                                     0x08000b11   Thumb Code    12  exit.o(.text)
    __user_libspace                          0x08000b1d   Thumb Code     8  libspace.o(.text)
    __user_perproc_libspace                  0x08000b1d   Thumb Code     0  libspace.o(.text)
    __user_perthread_libspace                0x08000b1d   Thumb Code     0  libspace.o(.text)
    BKP_DeInit                               0x08000b25   Thumb Code    16  stm32f10x_bkp.o(i.BKP_DeInit)
    BKP_ReadBackupRegister                   0x08000b35   Thumb Code    24  stm32f10x_bkp.o(i.BKP_ReadBackupRegister)
    BKP_WriteBackupRegister                  0x08000b51   Thumb Code    22  stm32f10x_bkp.o(i.BKP_WriteBackupRegister)
    BusFault_Handler                         0x08000b6d   Thumb Code     4  stm32f10x_it.o(i.BusFault_Handler)
    DebugMon_Handler                         0x08000b71   Thumb Code     2  stm32f10x_it.o(i.DebugMon_Handler)
    ENC28J60_Init                            0x08000b75   Thumb Code   366  enc28j60.o(i.ENC28J60_Init)
    ENC28J60_PHY_Write                       0x08000ce9   Thumb Code    62  enc28j60.o(i.ENC28J60_PHY_Write)
    ENC28J60_Packet_Receive                  0x08000d29   Thumb Code   188  enc28j60.o(i.ENC28J60_Packet_Receive)
    ENC28J60_Packet_Send                     0x08000de9   Thumb Code   102  enc28j60.o(i.ENC28J60_Packet_Send)
    ENC28J60_Read                            0x08000e4f   Thumb Code    20  enc28j60.o(i.ENC28J60_Read)
    ENC28J60_Read_Buf                        0x08000e65   Thumb Code    48  enc28j60.o(i.ENC28J60_Read_Buf)
    ENC28J60_Read_Op                         0x08000e99   Thumb Code    60  enc28j60.o(i.ENC28J60_Read_Op)
    ENC28J60_Reset                           0x08000ed9   Thumb Code    52  enc28j60.o(i.ENC28J60_Reset)
    ENC28J60_Set_Bank                        0x0800100d   Thumb Code    48  enc28j60.o(i.ENC28J60_Set_Bank)
    ENC28J60_Write                           0x08001041   Thumb Code    24  enc28j60.o(i.ENC28J60_Write)
    ENC28J60_Write_Buf                       0x08001059   Thumb Code    42  enc28j60.o(i.ENC28J60_Write_Buf)
    ENC28J60_Write_Op                        0x08001089   Thumb Code    50  enc28j60.o(i.ENC28J60_Write_Op)
    GPIO_Init                                0x080010c5   Thumb Code   278  stm32f10x_gpio.o(i.GPIO_Init)
    GPIO_SetBits                             0x080011db   Thumb Code     4  stm32f10x_gpio.o(i.GPIO_SetBits)
    HardFault_Handler                        0x080011df   Thumb Code     4  stm32f10x_it.o(i.HardFault_Handler)
    Is_Leap_Year                             0x080011e3   Thumb Code    58  rtc.o(i.Is_Leap_Year)
    LED_Init                                 0x0800121d   Thumb Code    46  led.o(i.LED_Init)
    MemManage_Handler                        0x08001251   Thumb Code     4  stm32f10x_it.o(i.MemManage_Handler)
    NMI_Handler                              0x08001255   Thumb Code     2  stm32f10x_it.o(i.NMI_Handler)
    NVIC_Init                                0x08001259   Thumb Code   100  misc.o(i.NVIC_Init)
    NVIC_PriorityGroupConfig                 0x080012c9   Thumb Code    10  misc.o(i.NVIC_PriorityGroupConfig)
    OSInit                                   0x080012dd   Thumb Code    44  os_core.o(i.OSInit)
    OSInitHookBegin                          0x08001309   Thumb Code     2  os_cpu_c.o(i.OSInitHookBegin)
    OSInitHookEnd                            0x0800130b   Thumb Code     2  os_cpu_c.o(i.OSInitHookEnd)
    OSIntEnter                               0x0800130d   Thumb Code    28  os_core.o(i.OSIntEnter)
    OSIntExit                                0x08001331   Thumb Code   112  os_core.o(i.OSIntExit)
    OSSchedLock                              0x080013c1   Thumb Code    50  os_core.o(i.OSSchedLock)
    OSSchedUnlock                            0x08001401   Thumb Code    82  os_core.o(i.OSSchedUnlock)
    OSStart                                  0x08001461   Thumb Code    48  os_core.o(i.OSStart)
    OSTCBInitHook                            0x080014a9   Thumb Code     2  os_cpu_c.o(i.OSTCBInitHook)
    OSTaskCreate                             0x080014ad   Thumb Code   148  os_task.o(i.OSTaskCreate)
    OSTaskCreateExt                          0x0800154d   Thumb Code   170  os_task.o(i.OSTaskCreateExt)
    OSTaskCreateHook                         0x08001605   Thumb Code     2  os_cpu_c.o(i.OSTaskCreateHook)
    OSTaskIdleHook                           0x08001607   Thumb Code     2  os_cpu_c.o(i.OSTaskIdleHook)
    OSTaskNameSet                            0x08001609   Thumb Code    98  os_task.o(i.OSTaskNameSet)
    OSTaskStatHook                           0x08001679   Thumb Code     2  os_cpu_c.o(i.OSTaskStatHook)
    OSTaskStkChk                             0x0800167d   Thumb Code   132  os_task.o(i.OSTaskStkChk)
    OSTaskStkInit                            0x08001709   Thumb Code   154  os_cpu_c.o(i.OSTaskStkInit)
    OSTaskSuspend                            0x080017a5   Thumb Code   152  os_task.o(i.OSTaskSuspend)
    OSTaskSwHook                             0x0800184d   Thumb Code     2  os_cpu_c.o(i.OSTaskSwHook)
    OSTimeDly                                0x08001851   Thumb Code   100  os_time.o(i.OSTimeDly)
    OSTimeTick                               0x080018c9   Thumb Code   210  os_core.o(i.OSTimeTick)
    OSTimeTickHook                           0x080019b5   Thumb Code     2  os_cpu_c.o(i.OSTimeTickHook)
    OS_FlagInit                              0x080019b9   Thumb Code    74  os_flag.o(i.OS_FlagInit)
    OS_MemClr                                0x08001c1d   Thumb Code    18  os_core.o(i.OS_MemClr)
    OS_QInit                                 0x08001c31   Thumb Code    72  os_q.o(i.OS_QInit)
    OS_Sched                                 0x08001c81   Thumb Code    88  os_core.o(i.OS_Sched)
    OS_TCBInit                               0x08001d21   Thumb Code   278  os_core.o(i.OS_TCBInit)
    OS_TaskIdle                              0x08001e55   Thumb Code    34  os_core.o(i.OS_TaskIdle)
    OS_TaskStat                              0x08001e7d   Thumb Code   116  os_core.o(i.OS_TaskStat)
    OS_TaskStatStkChk                        0x08001f05   Thumb Code    54  os_core.o(i.OS_TaskStatStkChk)
    OS_TaskStkClr                            0x08001f41   Thumb Code    26  os_task.o(i.OS_TaskStkClr)
    PWR_BackupAccessCmd                      0x08001f5d   Thumb Code     6  stm32f10x_pwr.o(i.PWR_BackupAccessCmd)
    RCC_APB1PeriphClockCmd                   0x08001f69   Thumb Code    26  stm32f10x_rcc.o(i.RCC_APB1PeriphClockCmd)
    RCC_APB2PeriphClockCmd                   0x08001f89   Thumb Code    26  stm32f10x_rcc.o(i.RCC_APB2PeriphClockCmd)
    RCC_BackupResetCmd                       0x08001fa9   Thumb Code     6  stm32f10x_rcc.o(i.RCC_BackupResetCmd)
    RCC_GetFlagStatus                        0x08001fb5   Thumb Code    56  stm32f10x_rcc.o(i.RCC_GetFlagStatus)
    RCC_LSEConfig                            0x08001ff1   Thumb Code    46  stm32f10x_rcc.o(i.RCC_LSEConfig)
    RCC_RTCCLKCmd                            0x08002025   Thumb Code     6  stm32f10x_rcc.o(i.RCC_RTCCLKCmd)
    RCC_RTCCLKConfig                         0x08002031   Thumb Code    12  stm32f10x_rcc.o(i.RCC_RTCCLKConfig)
    RTC_ClearITPendingBit                    0x08002041   Thumb Code    12  stm32f10x_rtc.o(i.RTC_ClearITPendingBit)
    RTC_EnterConfigMode                      0x08002051   Thumb Code    14  stm32f10x_rtc.o(i.RTC_EnterConfigMode)
    RTC_ExitConfigMode                       0x08002065   Thumb Code    16  stm32f10x_rtc.o(i.RTC_ExitConfigMode)
    RTC_Get                                  0x08002079   Thumb Code   246  rtc.o(i.RTC_Get)
    RTC_GetITStatus                          0x08002185   Thumb Code    32  stm32f10x_rtc.o(i.RTC_GetITStatus)
    RTC_Get_Week                             0x080021a9   Thumb Code   116  rtc.o(i.RTC_Get_Week)
    RTC_IRQHandler                           0x08002221   Thumb Code    40  rtc.o(i.RTC_IRQHandler)
    RTC_ITConfig                             0x08002249   Thumb Code    26  stm32f10x_rtc.o(i.RTC_ITConfig)
    RTC_Init                                 0x08002269   Thumb Code   190  rtc.o(i.RTC_Init)
    RTC_Set                                  0x08002349   Thumb Code   184  rtc.o(i.RTC_Set)
    RTC_SetCounter                           0x08002411   Thumb Code    24  stm32f10x_rtc.o(i.RTC_SetCounter)
    RTC_SetPrescaler                         0x0800242d   Thumb Code    26  stm32f10x_rtc.o(i.RTC_SetPrescaler)
    RTC_WaitForLastTask                      0x0800244d   Thumb Code    16  stm32f10x_rtc.o(i.RTC_WaitForLastTask)
    RTC_WaitForSynchro                       0x08002461   Thumb Code    30  stm32f10x_rtc.o(i.RTC_WaitForSynchro)
    SPI2_ReadWriteByte                       0x08002485   Thumb Code    76  spi.o(i.SPI2_ReadWriteByte)
    SPI2_SetSpeed                            0x080024d5   Thumb Code    36  spi.o(i.SPI2_SetSpeed)
    SPI_Cmd                                  0x080024fd   Thumb Code    24  stm32f10x_spi.o(i.SPI_Cmd)
    SPI_I2S_GetFlagStatus                    0x08002515   Thumb Code    18  stm32f10x_spi.o(i.SPI_I2S_GetFlagStatus)
    SPI_I2S_ReceiveData                      0x08002527   Thumb Code     6  stm32f10x_spi.o(i.SPI_I2S_ReceiveData)
    SPI_I2S_SendData                         0x0800252d   Thumb Code     4  stm32f10x_spi.o(i.SPI_I2S_SendData)
    SPI_Init                                 0x08002531   Thumb Code    60  stm32f10x_spi.o(i.SPI_Init)
    SVC_Handler                              0x0800256d   Thumb Code     2  stm32f10x_it.o(i.SVC_Handler)
    SysTick_CLKSourceConfig                  0x08002659   Thumb Code    40  misc.o(i.SysTick_CLKSourceConfig)
    SysTick_Handler                          0x08002681   Thumb Code    24  delay.o(i.SysTick_Handler)
    SystemInit                               0x0800269d   Thumb Code    78  system_stm32f10x.o(i.SystemInit)
    TIM6_IRQHandler                          0x080026fd   Thumb Code    32  tim.o(i.TIM6_IRQHandler)
    TIM6_Int_Init                            0x08002725   Thumb Code    90  tim.o(i.TIM6_Int_Init)
    TIM_ClearITPendingBit                    0x08002785   Thumb Code     6  stm32f10x_tim.o(i.TIM_ClearITPendingBit)
    TIM_Cmd                                  0x0800278b   Thumb Code    24  stm32f10x_tim.o(i.TIM_Cmd)
    TIM_GetITStatus                          0x080027a3   Thumb Code    34  stm32f10x_tim.o(i.TIM_GetITStatus)
    TIM_ITConfig                             0x080027c5   Thumb Code    18  stm32f10x_tim.o(i.TIM_ITConfig)
    TIM_TimeBaseInit                         0x080027d9   Thumb Code   122  stm32f10x_tim.o(i.TIM_TimeBaseInit)
    USART1_IRQHandler                        0x0800287d   Thumb Code   130  usart.o(i.USART1_IRQHandler)
    USART_GetITStatus                        0x0800290d   Thumb Code    84  stm32f10x_usart.o(i.USART_GetITStatus)
    USART_ReceiveData                        0x08002961   Thumb Code    10  stm32f10x_usart.o(i.USART_ReceiveData)
    UsageFault_Handler                       0x0800296b   Thumb Code     4  stm32f10x_it.o(i.UsageFault_Handler)
    _is_digit                                0x0800296f   Thumb Code    14  __printf_wp.o(i._is_digit)
    _sys_exit                                0x0800297d   Thumb Code     6  usart.o(i._sys_exit)
    clock_time                               0x08002a35   Thumb Code     6  clock-arch.o(i.clock_time)
    delay_init                               0x08002a9d   Thumb Code    76  delay.o(i.delay_init)
    delay_ms                                 0x08002af9   Thumb Code    66  delay.o(i.delay_ms)
    delay_osschedlock                        0x08002b49   Thumb Code     8  delay.o(i.delay_osschedlock)
    delay_osschedunlock                      0x08002b51   Thumb Code     8  delay.o(i.delay_osschedunlock)
    delay_ostimedly                          0x08002b59   Thumb Code    12  delay.o(i.delay_ostimedly)
    delay_us                                 0x08002b65   Thumb Code    86  delay.o(i.delay_us)
    fputc                                    0x08002c09   Thumb Code    24  usart.o(i.fputc)
    get_time                                 0x08002d81   Thumb Code    28  main.o(i.get_time)
    htons                                    0x0800335d   Thumb Code    12  uip.o(i.htons)
    httpd_appcall                            0x08003369   Thumb Code   154  httpd.o(i.httpd_appcall)
    httpd_cgi                                0x0800340d   Thumb Code    50  httpd-cgi.o(i.httpd_cgi)
    httpd_fs_count                           0x08003449   Thumb Code    42  httpd-fs.o(i.httpd_fs_count)
    httpd_fs_open                            0x0800347d   Thumb Code    66  httpd-fs.o(i.httpd_fs_open)
    led0_task                                0x080034f9   Thumb Code    32  main.o(i.led0_task)
    led1_task                                0x08003521   Thumb Code    34  main.o(i.led1_task)
    main                                     0x0800354d   Thumb Code   196  main.o(i.main)
    network_task                             0x0800367d   Thumb Code    14  main.o(i.network_task)
    psock_datalen                            0x080036bf   Thumb Code    12  psock.o(i.psock_datalen)
    psock_generator_send                     0x080036cd   Thumb Code   124  psock.o(i.psock_generator_send)
    psock_init                               0x08003751   Thumb Code    40  psock.o(i.psock_init)
    psock_newdata                            0x08003779   Thumb Code    48  psock.o(i.psock_newdata)
    psock_readto                             0x080037ad   Thumb Code   138  psock.o(i.psock_readto)
    psock_send                               0x08003841   Thumb Code   102  psock.o(i.psock_send)
    start_task                               0x08003b89   Thumb Code    64  main.o(i.start_task)
    tapdev_init                              0x08003bdd   Thumb Code    46  tapdev.o(i.tapdev_init)
    tapdev_read                              0x08003c15   Thumb Code    16  tapdev.o(i.tapdev_read)
    tapdev_send                              0x08003c29   Thumb Code    14  tapdev.o(i.tapdev_send)
    tcp_client_aborted                       0x08003c41   Thumb Code    26  tcp_client_demo.o(i.tcp_client_aborted)
    tcp_client_acked                         0x08003c79   Thumb Code    22  tcp_client_demo.o(i.tcp_client_acked)
    tcp_client_closed                        0x08003ca9   Thumb Code    26  tcp_client_demo.o(i.tcp_client_closed)
    tcp_client_connected                     0x08003ce1   Thumb Code    48  tcp_client_demo.o(i.tcp_client_connected)
    tcp_client_demo_appcall                  0x08003d61   Thumb Code   230  tcp_client_demo.o(i.tcp_client_demo_appcall)
    tcp_client_reconnect                     0x08003e61   Thumb Code    42  tcp_client_demo.o(i.tcp_client_reconnect)
    tcp_client_senddata                      0x08003e8d   Thumb Code    26  tcp_client_demo.o(i.tcp_client_senddata)
    tcp_client_timedout                      0x08003ead   Thumb Code    22  tcp_client_demo.o(i.tcp_client_timedout)
    tcp_demo_appcall                         0x08003ee1   Thumb Code    66  tcp_demo.o(i.tcp_demo_appcall)
    tcp_server_aborted                       0x08003f29   Thumb Code    22  tcp_server_demo.o(i.tcp_server_aborted)
    tcp_server_acked                         0x08003f5d   Thumb Code    22  tcp_server_demo.o(i.tcp_server_acked)
    tcp_server_closed                        0x08003f8d   Thumb Code    22  tcp_server_demo.o(i.tcp_server_closed)
    tcp_server_connected                     0x08003fc1   Thumb Code    48  tcp_server_demo.o(i.tcp_server_connected)
    tcp_server_demo_appcall                  0x08004041   Thumb Code   230  tcp_server_demo.o(i.tcp_server_demo_appcall)
    tcp_server_senddata                      0x08004141   Thumb Code    26  tcp_server_demo.o(i.tcp_server_senddata)
    tcp_server_timedout                      0x08004161   Thumb Code    22  tcp_server_demo.o(i.tcp_server_timedout)
    timer_expired                            0x08004205   Thumb Code    26  timer.o(i.timer_expired)
    timer_reset                              0x0800421f   Thumb Code    10  timer.o(i.timer_reset)
    timer_set                                0x08004229   Thumb Code    16  timer.o(i.timer_set)
    uip_add32                                0x08004239   Thumb Code   106  uip.o(i.uip_add32)
    uip_arp_arpin                            0x080042ed   Thumb Code   216  uip_arp.o(i.uip_arp_arpin)
    uip_arp_out                              0x080043d5   Thumb Code   366  uip_arp.o(i.uip_arp_out)
    uip_arp_timer                            0x08004575   Thumb Code    76  uip_arp.o(i.uip_arp_timer)
    uip_connect                              0x080046f1   Thumb Code   254  uip.o(i.uip_connect)
    uip_init                                 0x08004801   Thumb Code    92  uip.o(i.uip_init)
    uip_ipchksum                             0x0800486d   Thumb Code    30  uip.o(i.uip_ipchksum)
    uip_listen                               0x08004891   Thumb Code    54  uip.o(i.uip_listen)
    uip_log                                  0x080048d1   Thumb Code    14  tcp_demo.o(i.uip_log)
    uip_polling                              0x080048f1   Thumb Code   208  main.o(i.uip_polling)
    uip_process                              0x080049dd   Thumb Code  3988  uip.o(i.uip_process)
    uip_send                                 0x08005989   Thumb Code    38  uip.o(i.uip_send)
    uip_tcpchksum                            0x080059b9   Thumb Code    10  uip.o(i.uip_tcpchksum)
    table_week                               0x08005a0c   Data          12  rtc.o(.constdata)
    mon_table                                0x08005a18   Data          12  rtc.o(.constdata)
    OSUnMapTbl                               0x08005a24   Data         256  os_core.o(.constdata)
    mymac                                    0x08005b32   Data           6  tapdev.o(.constdata)
    file_processes_shtml                     0x08006dbc   Data          20  httpd-fs.o(.constdata)
    file_404_html                            0x08006dd0   Data          20  httpd-fs.o(.constdata)
    file_files_shtml                         0x08006de4   Data          20  httpd-fs.o(.constdata)
    file_footer_html                         0x08006df8   Data          20  httpd-fs.o(.constdata)
    file_header_html                         0x08006e0c   Data          20  httpd-fs.o(.constdata)
    file_index_html                          0x08006e20   Data          20  httpd-fs.o(.constdata)
    file_style_css                           0x08006e34   Data          20  httpd-fs.o(.constdata)
    file_tcp_shtml                           0x08006e48   Data          20  httpd-fs.o(.constdata)
    file_fade_png                            0x08006e5c   Data          20  httpd-fs.o(.constdata)
    file_stats_shtml                         0x08006e70   Data          20  httpd-fs.o(.constdata)
    http_http                                0x08006e84   Data           8  http-strings.o(.constdata)
    http_200                                 0x08006e8c   Data           5  http-strings.o(.constdata)
    http_301                                 0x08006e91   Data           5  http-strings.o(.constdata)
    http_302                                 0x08006e96   Data           5  http-strings.o(.constdata)
    http_get                                 0x08006e9b   Data           5  http-strings.o(.constdata)
    http_10                                  0x08006ea0   Data           9  http-strings.o(.constdata)
    http_11                                  0x08006ea9   Data           9  http-strings.o(.constdata)
    http_content_type                        0x08006eb2   Data          15  http-strings.o(.constdata)
    http_texthtml                            0x08006ec1   Data          10  http-strings.o(.constdata)
    http_location                            0x08006ecb   Data          11  http-strings.o(.constdata)
    http_host                                0x08006ed6   Data           7  http-strings.o(.constdata)
    http_crnl                                0x08006edd   Data           3  http-strings.o(.constdata)
    http_index_html                          0x08006ee0   Data          12  http-strings.o(.constdata)
    http_404_html                            0x08006eec   Data          10  http-strings.o(.constdata)
    http_referer                             0x08006ef6   Data           9  http-strings.o(.constdata)
    http_header_200                          0x08006eff   Data          84  http-strings.o(.constdata)
    http_header_404                          0x08006f53   Data          91  http-strings.o(.constdata)
    http_content_type_plain                  0x08006fae   Data          29  http-strings.o(.constdata)
    http_content_type_html                   0x08006fcb   Data          28  http-strings.o(.constdata)
    http_content_type_css                    0x08006fe7   Data          27  http-strings.o(.constdata)
    http_content_type_text                   0x08007002   Data          28  http-strings.o(.constdata)
    http_content_type_png                    0x0800701e   Data          28  http-strings.o(.constdata)
    http_content_type_gif                    0x0800703a   Data          28  http-strings.o(.constdata)
    http_content_type_jpg                    0x08007056   Data          29  http-strings.o(.constdata)
    http_content_type_binary                 0x08007073   Data          43  http-strings.o(.constdata)
    http_html                                0x0800709e   Data           6  http-strings.o(.constdata)
    http_shtml                               0x080070a4   Data           7  http-strings.o(.constdata)
    http_htm                                 0x080070ab   Data           5  http-strings.o(.constdata)
    http_css                                 0x080070b0   Data           5  http-strings.o(.constdata)
    http_png                                 0x080070b5   Data           5  http-strings.o(.constdata)
    http_gif                                 0x080070ba   Data           5  http-strings.o(.constdata)
    http_jpg                                 0x080070bf   Data           5  http-strings.o(.constdata)
    http_text                                0x080070c4   Data           5  http-strings.o(.constdata)
    http_txt                                 0x080070c9   Data           5  http-strings.o(.constdata)
    Region$$Table$$Base                      0x08007240   Number         0  anon$$obj.o(Region$$Table)
    Region$$Table$$Limit                     0x08007260   Number         0  anon$$obj.o(Region$$Table)
    SystemCoreClock                          0x20000014   Data           4  system_stm32f10x.o(.data)
    AHBPrescTable                            0x20000018   Data          16  system_stm32f10x.o(.data)
    uip_timer                                0x20000030   Data           4  tim.o(.data)
    __stdout                                 0x2000003c   Data           4  usart.o(.data)
    USART_RX_STA                             0x20000040   Data           2  usart.o(.data)
    OSCtxSwCtr                               0x20000044   Data           4  os_core.o(.data)
    OSEventFreeList                          0x20000048   Data           4  os_core.o(.data)
    OSFlagFreeList                           0x2000004c   Data           4  os_core.o(.data)
    OSCPUUsage                               0x20000050   Data           1  os_core.o(.data)
    OSIdleCtrMax                             0x20000054   Data           4  os_core.o(.data)
    OSIdleCtrRun                             0x20000058   Data           4  os_core.o(.data)
    OSStatRdy                                0x2000005c   Data           1  os_core.o(.data)
    OSIntNesting                             0x2000005d   Data           1  os_core.o(.data)
    OSLockNesting                            0x2000005e   Data           1  os_core.o(.data)
    OSPrioCur                                0x2000005f   Data           1  os_core.o(.data)
    OSPrioHighRdy                            0x20000060   Data           1  os_core.o(.data)
    OSRdyGrp                                 0x20000061   Data           1  os_core.o(.data)
    OSRdyTbl                                 0x20000062   Data           8  os_core.o(.data)
    OSRunning                                0x2000006a   Data           1  os_core.o(.data)
    OSTaskCtr                                0x2000006b   Data           1  os_core.o(.data)
    OSIdleCtr                                0x2000006c   Data           4  os_core.o(.data)
    OSTCBCur                                 0x20000070   Data           4  os_core.o(.data)
    OSTCBFreeList                            0x20000074   Data           4  os_core.o(.data)
    OSTCBHighRdy                             0x20000078   Data           4  os_core.o(.data)
    OSTCBList                                0x2000007c   Data           4  os_core.o(.data)
    OSTickStepState                          0x20000080   Data           1  os_core.o(.data)
    OSQFreeList                              0x20000084   Data           4  os_core.o(.data)
    OSTime                                   0x20000088   Data           4  os_core.o(.data)
    uip_hostaddr                             0x2000008c   Data           4  uip.o(.data)
    uip_draddr                               0x20000090   Data           4  uip.o(.data)
    uip_netmask                              0x20000094   Data           4  uip.o(.data)
    uip_ethaddr                              0x20000098   Data           6  uip.o(.data)
    uip_appdata                              0x200000a0   Data           4  uip.o(.data)
    uip_sappdata                             0x200000a4   Data           4  uip.o(.data)
    uip_len                                  0x200000a8   Data           2  uip.o(.data)
    uip_slen                                 0x200000aa   Data           2  uip.o(.data)
    uip_flags                                0x200000ac   Data           1  uip.o(.data)
    uip_conn                                 0x200000b0   Data           4  uip.o(.data)
    uip_acc32                                0x200000bc   Data           4  uip.o(.data)
    tcp_client_sta                           0x200000cc   Data           1  tcp_client_demo.o(.data)
    tcp_server_sta                           0x200000cd   Data           1  tcp_server_demo.o(.data)
    LED0_ON_PIC_ADDR                         0x200000d0   Data           4  httpd.o(.data)
    LED1_ON_PIC_ADDR                         0x200000d4   Data           4  httpd.o(.data)
    LED_OFF_PIC_ADDR                         0x200000d8   Data           4  httpd.o(.data)
    data_index_html                          0x20000110   Data        1553  httpd-fs.o(.data)
    START_TASK_STK                           0x20000724   Data         256  main.o(.bss)
    NETWORK_TASK_STK                         0x20000824   Data         256  main.o(.bss)
    LED0_TASK_STK                            0x20000924   Data         256  main.o(.bss)
    LED1_TASK_STK                            0x20000a24   Data         256  main.o(.bss)
    calendar                                 0x20000b24   Data          10  rtc.o(.bss)
    USART_RX_BUF                             0x20000b2e   Data         200  usart.o(.bss)
    OSEventTbl                               0x20000bf8   Data         200  os_core.o(.bss)
    OSFlagTbl                                0x20000cc0   Data          80  os_core.o(.bss)
    OSTaskStatStk                            0x20000d10   Data         512  os_core.o(.bss)
    OSTaskIdleStk                            0x20000f10   Data         512  os_core.o(.bss)
    OSTCBPrioTbl                             0x20001110   Data         256  os_core.o(.bss)
    OSTCBTbl                                 0x20001210   Data        1008  os_core.o(.bss)
    OSQTbl                                   0x20001600   Data         120  os_core.o(.bss)
    uip_buf                                  0x20001678   Data        4098  uip.o(.bss)
    uip_conns                                0x2000267c   Data        1600  uip.o(.bss)
    uip_listenports                          0x20002cbc   Data          80  uip.o(.bss)
    uip_stat                                 0x20002d0c   Data          44  uip.o(.bss)
    tcp_client_databuf                       0x20002d98   Data         200  tcp_client_demo.o(.bss)
    tcp_server_databuf                       0x20002e60   Data         200  tcp_server_demo.o(.bss)
    __libspace_start                         0x20002f3c   Data          96  libspace.o(.bss)
    __temporary_stack_top$libspace           0x20002f9c   Data           0  libspace.o(.bss)



==============================================================================

Memory Map of the image

  Image Entry point : 0x08000231

  Load Region LR_1 (Base: 0x08000000, Size: 0x00007984, Max: 0xffffffff, ABSOLUTE, COMPRESSED[0x00007660])

    Execution Region ER_RO (Base: 0x08000000, Size: 0x00007260, Max: 0xffffffff, ABSOLUTE)

    Base Addr    Size         Type   Attr      Idx    E Section Name        Object

    0x08000000   0x00000130   Data   RO          686    RESET               startup_stm32f10x_hd.o
    0x08000130   0x00000008   Code   RO         5208  * !!!main             c_w.l(__main.o)
    0x08000138   0x00000034   Code   RO         5500    !!!scatter          c_w.l(__scatter.o)
    0x0800016c   0x00000064   Code   RO         5498    !!dclz77c           c_w.l(__dclz77c.o)
    0x080001d0   0x0000001c   Code   RO         5502    !!handler_zi        c_w.l(__scatter_zi.o)
    0x080001ec   0x00000000   Code   RO         5187    .ARM.Collect$$_printf_percent$$00000000  c_w.l(_printf_percent.o)
    0x080001ec   0x00000006   Code   RO         5185    .ARM.Collect$$_printf_percent$$00000009  c_w.l(_printf_d.o)
    0x080001f2   0x00000006   Code   RO         5186    .ARM.Collect$$_printf_percent$$0000000A  c_w.l(_printf_u.o)
    0x080001f8   0x00000006   Code   RO         5183    .ARM.Collect$$_printf_percent$$00000013  c_w.l(_printf_c.o)
    0x080001fe   0x00000006   Code   RO         5184    .ARM.Collect$$_printf_percent$$00000014  c_w.l(_printf_s.o)
    0x08000204   0x00000004   Code   RO         5270    .ARM.Collect$$_printf_percent$$00000017  c_w.l(_printf_percent_end.o)
    0x08000208   0x00000002   Code   RO         5363    .ARM.Collect$$libinit$$00000000  c_w.l(libinit.o)
    0x0800020a   0x00000000   Code   RO         5380    .ARM.Collect$$libinit$$00000002  c_w.l(libinit2.o)
    0x0800020a   0x00000000   Code   RO         5382    .ARM.Collect$$libinit$$00000004  c_w.l(libinit2.o)
    0x0800020a   0x00000000   Code   RO         5385    .ARM.Collect$$libinit$$0000000A  c_w.l(libinit2.o)
    0x0800020a   0x00000000   Code   RO         5387    .ARM.Collect$$libinit$$0000000C  c_w.l(libinit2.o)
    0x0800020a   0x00000000   Code   RO         5389    .ARM.Collect$$libinit$$0000000E  c_w.l(libinit2.o)
    0x0800020a   0x00000000   Code   RO         5392    .ARM.Collect$$libinit$$00000011  c_w.l(libinit2.o)
    0x0800020a   0x00000000   Code   RO         5394    .ARM.Collect$$libinit$$00000013  c_w.l(libinit2.o)
    0x0800020a   0x00000000   Code   RO         5396    .ARM.Collect$$libinit$$00000015  c_w.l(libinit2.o)
    0x0800020a   0x00000000   Code   RO         5398    .ARM.Collect$$libinit$$00000017  c_w.l(libinit2.o)
    0x0800020a   0x00000000   Code   RO         5400    .ARM.Collect$$libinit$$00000019  c_w.l(libinit2.o)
    0x0800020a   0x00000000   Code   RO         5402    .ARM.Collect$$libinit$$0000001B  c_w.l(libinit2.o)
    0x0800020a   0x00000000   Code   RO         5404    .ARM.Collect$$libinit$$0000001D  c_w.l(libinit2.o)
    0x0800020a   0x00000000   Code   RO         5406    .ARM.Collect$$libinit$$0000001F  c_w.l(libinit2.o)
    0x0800020a   0x00000000   Code   RO         5408    .ARM.Collect$$libinit$$00000021  c_w.l(libinit2.o)
    0x0800020a   0x00000000   Code   RO         5410    .ARM.Collect$$libinit$$00000023  c_w.l(libinit2.o)
    0x0800020a   0x00000000   Code   RO         5412    .ARM.Collect$$libinit$$00000025  c_w.l(libinit2.o)
    0x0800020a   0x00000000   Code   RO         5416    .ARM.Collect$$libinit$$0000002C  c_w.l(libinit2.o)
    0x0800020a   0x00000000   Code   RO         5418    .ARM.Collect$$libinit$$0000002E  c_w.l(libinit2.o)
    0x0800020a   0x00000000   Code   RO         5420    .ARM.Collect$$libinit$$00000030  c_w.l(libinit2.o)
    0x0800020a   0x00000000   Code   RO         5422    .ARM.Collect$$libinit$$00000032  c_w.l(libinit2.o)
    0x0800020a   0x00000002   Code   RO         5423    .ARM.Collect$$libinit$$00000033  c_w.l(libinit2.o)
    0x0800020c   0x00000002   Code   RO         5441    .ARM.Collect$$libshutdown$$00000000  c_w.l(libshutdown.o)
    0x0800020e   0x00000000   Code   RO         5452    .ARM.Collect$$libshutdown$$00000003  c_w.l(libshutdown2.o)
    0x0800020e   0x00000000   Code   RO         5455    .ARM.Collect$$libshutdown$$00000006  c_w.l(libshutdown2.o)
    0x0800020e   0x00000000   Code   RO         5458    .ARM.Collect$$libshutdown$$00000009  c_w.l(libshutdown2.o)
    0x0800020e   0x00000000   Code   RO         5460    .ARM.Collect$$libshutdown$$0000000B  c_w.l(libshutdown2.o)
    0x0800020e   0x00000000   Code   RO         5463    .ARM.Collect$$libshutdown$$0000000E  c_w.l(libshutdown2.o)
    0x0800020e   0x00000002   Code   RO         5464    .ARM.Collect$$libshutdown$$0000000F  c_w.l(libshutdown2.o)
    0x08000210   0x00000000   Code   RO         5212    .ARM.Collect$$rtentry$$00000000  c_w.l(__rtentry.o)
    0x08000210   0x00000000   Code   RO         5287    .ARM.Collect$$rtentry$$00000002  c_w.l(__rtentry2.o)
    0x08000210   0x00000006   Code   RO         5299    .ARM.Collect$$rtentry$$00000004  c_w.l(__rtentry4.o)
    0x08000216   0x00000000   Code   RO         5289    .ARM.Collect$$rtentry$$00000009  c_w.l(__rtentry2.o)
    0x08000216   0x00000004   Code   RO         5290    .ARM.Collect$$rtentry$$0000000A  c_w.l(__rtentry2.o)
    0x0800021a   0x00000000   Code   RO         5292    .ARM.Collect$$rtentry$$0000000C  c_w.l(__rtentry2.o)
    0x0800021a   0x00000008   Code   RO         5293    .ARM.Collect$$rtentry$$0000000D  c_w.l(__rtentry2.o)
    0x08000222   0x00000002   Code   RO         5372    .ARM.Collect$$rtexit$$00000000  c_w.l(rtexit.o)
    0x08000224   0x00000000   Code   RO         5425    .ARM.Collect$$rtexit$$00000002  c_w.l(rtexit2.o)
    0x08000224   0x00000004   Code   RO         5426    .ARM.Collect$$rtexit$$00000003  c_w.l(rtexit2.o)
    0x08000228   0x00000006   Code   RO         5427    .ARM.Collect$$rtexit$$00000004  c_w.l(rtexit2.o)
    0x0800022e   0x00000002   PAD
    0x08000230   0x00000040   Code   RO          687  * .text               startup_stm32f10x_hd.o
    0x08000270   0x000000b4   Code   RO         4292    .text               os_cpu_a.o
    0x08000324   0x00000002   Code   RO         5143    .text               c_w.l(use_no_semi_2.o)
    0x08000326   0x00000002   PAD
    0x08000328   0x00000018   Code   RO         5147    .text               c_w.l(__2printf.o)
    0x08000340   0x00000038   Code   RO         5149    .text               c_w.l(__2snprintf.o)
    0x08000378   0x0000004e   Code   RO         5157    .text               c_w.l(_printf_pad.o)
    0x080003c6   0x00000052   Code   RO         5159    .text               c_w.l(_printf_str.o)
    0x08000418   0x00000078   Code   RO         5161    .text               c_w.l(_printf_dec.o)
    0x08000490   0x00000188   Code   RO         5180    .text               c_w.l(__printf_flags_ss_wp.o)
    0x08000618   0x00000014   Code   RO         5188    .text               c_w.l(strchr.o)
    0x0800062c   0x00000024   Code   RO         5190    .text               c_w.l(strstr.o)
    0x08000650   0x00000048   Code   RO         5192    .text               c_w.l(strcpy.o)
    0x08000698   0x00000016   Code   RO         5194    .text               c_w.l(strrchr.o)
    0x080006ae   0x0000003e   Code   RO         5196    .text               c_w.l(strlen.o)
    0x080006ec   0x00000096   Code   RO         5198    .text               c_w.l(strncmp.o)
    0x08000782   0x0000008a   Code   RO         5200    .text               c_w.l(rt_memcpy_v6.o)
    0x0800080c   0x00000010   Code   RO         5202    .text               c_w.l(aeabi_memset.o)
    0x0800081c   0x00000056   Code   RO         5204    .text               c_w.l(strncpy.o)
    0x08000872   0x00000006   Code   RO         5206    .text               c_w.l(heapauxi.o)
    0x08000878   0x00000002   Code   RO         5210    .text               c_w.l(use_no_semi.o)
    0x0800087a   0x000000b2   Code   RO         5215    .text               c_w.l(_printf_intcommon.o)
    0x0800092c   0x00000030   Code   RO         5219    .text               c_w.l(_printf_char_common.o)
    0x0800095c   0x0000000a   Code   RO         5221    .text               c_w.l(_sputc.o)
    0x08000966   0x00000010   Code   RO         5223    .text               c_w.l(_snputc.o)
    0x08000976   0x0000002c   Code   RO         5225    .text               c_w.l(_printf_char.o)
    0x080009a2   0x00000002   PAD
    0x080009a4   0x00000024   Code   RO         5227    .text               c_w.l(_printf_char_file.o)
    0x080009c8   0x00000064   Code   RO         5280    .text               c_w.l(rt_memcpy_w.o)
    0x08000a2c   0x00000044   Code   RO         5282    .text               c_w.l(rt_memclr.o)
    0x08000a70   0x00000008   Code   RO         5309    .text               c_w.l(ferror.o)
    0x08000a78   0x0000004e   Code   RO         5315    .text               c_w.l(rt_memclr_w.o)
    0x08000ac6   0x0000004a   Code   RO         5317    .text               c_w.l(sys_stackheap_outer.o)
    0x08000b10   0x0000000c   Code   RO         5356    .text               c_w.l(exit.o)
    0x08000b1c   0x00000008   Code   RO         5369    .text               c_w.l(libspace.o)
    0x08000b24   0x00000010   Code   RO         1469    i.BKP_DeInit        stm32f10x_bkp.o
    0x08000b34   0x0000001c   Code   RO         1474    i.BKP_ReadBackupRegister  stm32f10x_bkp.o
    0x08000b50   0x0000001c   Code   RO         1478    i.BKP_WriteBackupRegister  stm32f10x_bkp.o
    0x08000b6c   0x00000004   Code   RO          240    i.BusFault_Handler  stm32f10x_it.o
    0x08000b70   0x00000002   Code   RO          241    i.DebugMon_Handler  stm32f10x_it.o
    0x08000b72   0x00000002   PAD
    0x08000b74   0x00000174   Code   RO          364    i.ENC28J60_Init     enc28j60.o
    0x08000ce8   0x0000003e   Code   RO          365    i.ENC28J60_PHY_Write  enc28j60.o
    0x08000d26   0x00000002   PAD
    0x08000d28   0x000000c0   Code   RO          366    i.ENC28J60_Packet_Receive  enc28j60.o
    0x08000de8   0x00000066   Code   RO          367    i.ENC28J60_Packet_Send  enc28j60.o
    0x08000e4e   0x00000014   Code   RO          368    i.ENC28J60_Read     enc28j60.o
    0x08000e62   0x00000002   PAD
    0x08000e64   0x00000034   Code   RO          369    i.ENC28J60_Read_Buf  enc28j60.o
    0x08000e98   0x00000040   Code   RO          370    i.ENC28J60_Read_Op  enc28j60.o
    0x08000ed8   0x0000003c   Code   RO          371    i.ENC28J60_Reset    enc28j60.o
    0x08000f14   0x000000f8   Code   RO          372    i.ENC28J60_SPI2_Init  enc28j60.o
    0x0800100c   0x00000034   Code   RO          373    i.ENC28J60_Set_Bank  enc28j60.o
    0x08001040   0x00000018   Code   RO          374    i.ENC28J60_Write    enc28j60.o
    0x08001058   0x00000030   Code   RO          375    i.ENC28J60_Write_Buf  enc28j60.o
    0x08001088   0x0000003c   Code   RO          376    i.ENC28J60_Write_Op  enc28j60.o
    0x080010c4   0x00000116   Code   RO          733    i.GPIO_Init         stm32f10x_gpio.o
    0x080011da   0x00000004   Code   RO          741    i.GPIO_SetBits      stm32f10x_gpio.o
    0x080011de   0x00000004   Code   RO          242    i.HardFault_Handler  stm32f10x_it.o
    0x080011e2   0x0000003a   Code   RO          512    i.Is_Leap_Year      rtc.o
    0x0800121c   0x00000034   Code   RO          351    i.LED_Init          led.o
    0x08001250   0x00000004   Code   RO          243    i.MemManage_Handler  stm32f10x_it.o
    0x08001254   0x00000002   Code   RO          244    i.NMI_Handler       stm32f10x_it.o
    0x08001256   0x00000002   PAD
    0x08001258   0x00000070   Code   RO          691    i.NVIC_Init         misc.o
    0x080012c8   0x00000014   Code   RO          692    i.NVIC_PriorityGroupConfig  misc.o
    0x080012dc   0x0000002c   Code   RO         3658    i.OSInit            os_core.o
    0x08001308   0x00000002   Code   RO         4295    i.OSInitHookBegin   os_cpu_c.o
    0x0800130a   0x00000002   Code   RO         4296    i.OSInitHookEnd     os_cpu_c.o
    0x0800130c   0x00000024   Code   RO         3659    i.OSIntEnter        os_core.o
    0x08001330   0x00000090   Code   RO         3660    i.OSIntExit         os_core.o
    0x080013c0   0x00000040   Code   RO         3661    i.OSSchedLock       os_core.o
    0x08001400   0x00000060   Code   RO         3662    i.OSSchedUnlock     os_core.o
    0x08001460   0x00000048   Code   RO         3663    i.OSStart           os_core.o
    0x080014a8   0x00000002   Code   RO         4297    i.OSTCBInitHook     os_cpu_c.o
    0x080014aa   0x00000002   PAD
    0x080014ac   0x000000a0   Code   RO         4155    i.OSTaskCreate      os_task.o
    0x0800154c   0x000000b8   Code   RO         4156    i.OSTaskCreateExt   os_task.o
    0x08001604   0x00000002   Code   RO         4298    i.OSTaskCreateHook  os_cpu_c.o
    0x08001606   0x00000002   Code   RO         4300    i.OSTaskIdleHook    os_cpu_c.o
    0x08001608   0x00000070   Code   RO         4160    i.OSTaskNameSet     os_task.o
    0x08001678   0x00000002   Code   RO         4302    i.OSTaskStatHook    os_cpu_c.o
    0x0800167a   0x00000002   PAD
    0x0800167c   0x0000008c   Code   RO         4165    i.OSTaskStkChk      os_task.o
    0x08001708   0x0000009a   Code   RO         4303    i.OSTaskStkInit     os_cpu_c.o
    0x080017a2   0x00000002   PAD
    0x080017a4   0x000000a8   Code   RO         4166    i.OSTaskSuspend     os_task.o
    0x0800184c   0x00000002   Code   RO         4304    i.OSTaskSwHook      os_cpu_c.o
    0x0800184e   0x00000002   PAD
    0x08001850   0x00000078   Code   RO         4250    i.OSTimeDly         os_time.o
    0x080018c8   0x000000ec   Code   RO         3665    i.OSTimeTick        os_core.o
    0x080019b4   0x00000002   Code   RO         4305    i.OSTimeTickHook    os_cpu_c.o
    0x080019b6   0x00000002   PAD
    0x080019b8   0x00000058   Code   RO         3849    i.OS_FlagInit       os_flag.o
    0x08001a10   0x00000054   Code   RO         3672    i.OS_InitEventList  os_core.o
    0x08001a64   0x00000054   Code   RO         3673    i.OS_InitMisc       os_core.o
    0x08001ab8   0x00000044   Code   RO         3674    i.OS_InitRdyList    os_core.o
    0x08001afc   0x00000080   Code   RO         3675    i.OS_InitTCBList    os_core.o
    0x08001b7c   0x00000050   Code   RO         3676    i.OS_InitTaskIdle   os_core.o
    0x08001bcc   0x00000050   Code   RO         3677    i.OS_InitTaskStat   os_core.o
    0x08001c1c   0x00000012   Code   RO         3678    i.OS_MemClr         os_core.o
    0x08001c2e   0x00000002   PAD
    0x08001c30   0x00000050   Code   RO         4038    i.OS_QInit          os_q.o
    0x08001c80   0x00000074   Code   RO         3680    i.OS_Sched          os_core.o
    0x08001cf4   0x0000002c   Code   RO         3681    i.OS_SchedNew       os_core.o
    0x08001d20   0x00000134   Code   RO         3683    i.OS_TCBInit        os_core.o
    0x08001e54   0x00000028   Code   RO         3684    i.OS_TaskIdle       os_core.o
    0x08001e7c   0x00000088   Code   RO         3685    i.OS_TaskStat       os_core.o
    0x08001f04   0x0000003c   Code   RO         3686    i.OS_TaskStatStkChk  os_core.o
    0x08001f40   0x0000001a   Code   RO         4168    i.OS_TaskStkClr     os_task.o
    0x08001f5a   0x00000002   PAD
    0x08001f5c   0x0000000c   Code   RO         2576    i.PWR_BackupAccessCmd  stm32f10x_pwr.o
    0x08001f68   0x00000020   Code   RO          867    i.RCC_APB1PeriphClockCmd  stm32f10x_rcc.o
    0x08001f88   0x00000020   Code   RO          869    i.RCC_APB2PeriphClockCmd  stm32f10x_rcc.o
    0x08001fa8   0x0000000c   Code   RO          872    i.RCC_BackupResetCmd  stm32f10x_rcc.o
    0x08001fb4   0x0000003c   Code   RO          878    i.RCC_GetFlagStatus  stm32f10x_rcc.o
    0x08001ff0   0x00000034   Code   RO          885    i.RCC_LSEConfig     stm32f10x_rcc.o
    0x08002024   0x0000000c   Code   RO          892    i.RCC_RTCCLKCmd     stm32f10x_rcc.o
    0x08002030   0x00000010   Code   RO          893    i.RCC_RTCCLKConfig  stm32f10x_rcc.o
    0x08002040   0x00000010   Code   RO         2637    i.RTC_ClearITPendingBit  stm32f10x_rtc.o
    0x08002050   0x00000014   Code   RO         2638    i.RTC_EnterConfigMode  stm32f10x_rtc.o
    0x08002064   0x00000014   Code   RO         2639    i.RTC_ExitConfigMode  stm32f10x_rtc.o
    0x08002078   0x0000010c   Code   RO          513    i.RTC_Get           rtc.o
    0x08002184   0x00000024   Code   RO         2643    i.RTC_GetITStatus   stm32f10x_rtc.o
    0x080021a8   0x00000078   Code   RO          514    i.RTC_Get_Week      rtc.o
    0x08002220   0x00000028   Code   RO          515    i.RTC_IRQHandler    rtc.o
    0x08002248   0x00000020   Code   RO         2644    i.RTC_ITConfig      stm32f10x_rtc.o
    0x08002268   0x000000be   Code   RO          516    i.RTC_Init          rtc.o
    0x08002326   0x00000020   Code   RO          517    i.RTC_NVIC_Config   rtc.o
    0x08002346   0x00000002   PAD
    0x08002348   0x000000c8   Code   RO          518    i.RTC_Set           rtc.o
    0x08002410   0x0000001c   Code   RO         2646    i.RTC_SetCounter    stm32f10x_rtc.o
    0x0800242c   0x00000020   Code   RO         2647    i.RTC_SetPrescaler  stm32f10x_rtc.o
    0x0800244c   0x00000014   Code   RO         2648    i.RTC_WaitForLastTask  stm32f10x_rtc.o
    0x08002460   0x00000024   Code   RO         2649    i.RTC_WaitForSynchro  stm32f10x_rtc.o
    0x08002484   0x00000050   Code   RO          468    i.SPI2_ReadWriteByte  spi.o
    0x080024d4   0x00000028   Code   RO          469    i.SPI2_SetSpeed     spi.o
    0x080024fc   0x00000018   Code   RO         2917    i.SPI_Cmd           stm32f10x_spi.o
    0x08002514   0x00000012   Code   RO         2925    i.SPI_I2S_GetFlagStatus  stm32f10x_spi.o
    0x08002526   0x00000006   Code   RO         2928    i.SPI_I2S_ReceiveData  stm32f10x_spi.o
    0x0800252c   0x00000004   Code   RO         2929    i.SPI_I2S_SendData  stm32f10x_spi.o
    0x08002530   0x0000003c   Code   RO         2930    i.SPI_Init          stm32f10x_spi.o
    0x0800256c   0x00000002   Code   RO          245    i.SVC_Handler       stm32f10x_it.o
    0x0800256e   0x00000008   Code   RO          317    i.SetSysClock       system_stm32f10x.o
    0x08002576   0x00000002   PAD
    0x08002578   0x000000e0   Code   RO          318    i.SetSysClockTo72   system_stm32f10x.o
    0x08002658   0x00000028   Code   RO          695    i.SysTick_CLKSourceConfig  misc.o
    0x08002680   0x0000001c   Code   RO          567    i.SysTick_Handler   delay.o
    0x0800269c   0x00000060   Code   RO          320    i.SystemInit        system_stm32f10x.o
    0x080026fc   0x00000028   Code   RO          491    i.TIM6_IRQHandler   tim.o
    0x08002724   0x00000060   Code   RO          492    i.TIM6_Int_Init     tim.o
    0x08002784   0x00000006   Code   RO         3067    i.TIM_ClearITPendingBit  stm32f10x_tim.o
    0x0800278a   0x00000018   Code   RO         3072    i.TIM_Cmd           stm32f10x_tim.o
    0x080027a2   0x00000022   Code   RO         3093    i.TIM_GetITStatus   stm32f10x_tim.o
    0x080027c4   0x00000012   Code   RO         3097    i.TIM_ITConfig      stm32f10x_tim.o
    0x080027d6   0x00000002   PAD
    0x080027d8   0x000000a4   Code   RO         3143    i.TIM_TimeBaseInit  stm32f10x_tim.o
    0x0800287c   0x00000090   Code   RO          623    i.USART1_IRQHandler  usart.o
    0x0800290c   0x00000054   Code   RO         1073    i.USART_GetITStatus  stm32f10x_usart.o
    0x08002960   0x0000000a   Code   RO         1083    i.USART_ReceiveData  stm32f10x_usart.o
    0x0800296a   0x00000004   Code   RO          246    i.UsageFault_Handler  stm32f10x_it.o
    0x0800296e   0x0000000e   Code   RO         5173    i._is_digit         c_w.l(__printf_wp.o)
    0x0800297c   0x00000006   Code   RO          625    i._sys_exit         usart.o
    0x08002982   0x00000066   Code   RO         4378    i.buf_bufto         psock.o
    0x080029e8   0x00000006   Code   RO         4379    i.buf_setup         psock.o
    0x080029ee   0x00000046   Code   RO         4480    i.chksum            uip.o
    0x08002a34   0x0000000c   Code   RO         4780    i.clock_time        clock-arch.o
    0x08002a40   0x0000005c   Code   RO         4380    i.data_acked        psock.o
    0x08002a9c   0x0000005c   Code   RO          568    i.delay_init        delay.o
    0x08002af8   0x00000050   Code   RO          569    i.delay_ms          delay.o
    0x08002b48   0x00000008   Code   RO          570    i.delay_osschedlock  delay.o
    0x08002b50   0x00000008   Code   RO          571    i.delay_osschedunlock  delay.o
    0x08002b58   0x0000000c   Code   RO          572    i.delay_ostimedly   delay.o
    0x08002b64   0x0000005c   Code   RO          573    i.delay_us          delay.o
    0x08002bc0   0x00000048   Code   RO         5043    i.file_stats        httpd-cgi.o
    0x08002c08   0x0000001c   Code   RO          626    i.fputc             usart.o
    0x08002c24   0x0000002c   Code   RO         5044    i.generate_file_stats  httpd-cgi.o
    0x08002c50   0x00000034   Code   RO         5045    i.generate_net_stats  httpd-cgi.o
    0x08002c84   0x00000048   Code   RO         4970    i.generate_part_of_file  httpd.o
    0x08002ccc   0x000000b4   Code   RO         5046    i.generate_tcp_stats  httpd-cgi.o
    0x08002d80   0x0000001c   Code   RO            1    i.get_time          main.o
    0x08002d9c   0x0000001a   Code   RO         4971    i.handle_connection  httpd.o
    0x08002db6   0x00000002   PAD
    0x08002db8   0x00000320   Code   RO         4972    i.handle_input      httpd.o
    0x080030d8   0x0000010c   Code   RO         4973    i.handle_output     httpd.o
    0x080031e4   0x00000178   Code   RO         4974    i.handle_script     httpd.o
    0x0800335c   0x0000000c   Code   RO         4481    i.htons             uip.o
    0x08003368   0x000000a4   Code   RO         4975    i.httpd_appcall     httpd.o
    0x0800340c   0x0000003c   Code   RO         5047    i.httpd_cgi         httpd-cgi.o
    0x08003448   0x00000034   Code   RO         5094    i.httpd_fs_count    httpd-fs.o
    0x0800347c   0x0000004c   Code   RO         5096    i.httpd_fs_open     httpd-fs.o
    0x080034c8   0x00000030   Code   RO         5097    i.httpd_fs_strcmp   httpd-fs.o
    0x080034f8   0x00000028   Code   RO            2    i.led0_task         main.o
    0x08003520   0x0000002c   Code   RO            3    i.led1_task         main.o
    0x0800354c   0x000000d8   Code   RO            4    i.main              main.o
    0x08003624   0x00000058   Code   RO         5048    i.net_stats         httpd-cgi.o
    0x0800367c   0x0000000e   Code   RO            5    i.network_task      main.o
    0x0800368a   0x00000022   Code   RO         4977    i.next_scriptstate  httpd.o
    0x080036ac   0x00000012   Code   RO         5049    i.nullfunction      httpd-cgi.o
    0x080036be   0x0000000c   Code   RO         4381    i.psock_datalen     psock.o
    0x080036ca   0x00000002   PAD
    0x080036cc   0x00000084   Code   RO         4382    i.psock_generator_send  psock.o
    0x08003750   0x00000028   Code   RO         4383    i.psock_init        psock.o
    0x08003778   0x00000034   Code   RO         4384    i.psock_newdata     psock.o
    0x080037ac   0x00000094   Code   RO         4386    i.psock_readto      psock.o
    0x08003840   0x00000066   Code   RO         4387    i.psock_send        psock.o
    0x080038a6   0x00000002   PAD
    0x080038a8   0x00000050   Code   RO         4388    i.send_data         psock.o
    0x080038f8   0x00000060   Code   RO         4978    i.send_file         httpd.o
    0x08003958   0x000001f4   Code   RO         4979    i.send_headers      httpd.o
    0x08003b4c   0x0000003a   Code   RO         4980    i.send_part_of_file  httpd.o
    0x08003b86   0x00000002   PAD
    0x08003b88   0x00000054   Code   RO            6    i.start_task        main.o
    0x08003bdc   0x00000038   Code   RO         4793    i.tapdev_init       tapdev.o
    0x08003c14   0x00000014   Code   RO         4794    i.tapdev_read       tapdev.o
    0x08003c28   0x00000018   Code   RO         4795    i.tapdev_send       tapdev.o
    0x08003c40   0x00000038   Code   RO         4820    i.tcp_client_aborted  tcp_client_demo.o
    0x08003c78   0x00000030   Code   RO         4821    i.tcp_client_acked  tcp_client_demo.o
    0x08003ca8   0x00000038   Code   RO         4822    i.tcp_client_closed  tcp_client_demo.o
    0x08003ce0   0x00000080   Code   RO         4823    i.tcp_client_connected  tcp_client_demo.o
    0x08003d60   0x00000100   Code   RO         4824    i.tcp_client_demo_appcall  tcp_client_demo.o
    0x08003e60   0x0000002a   Code   RO         4825    i.tcp_client_reconnect  tcp_client_demo.o
    0x08003e8a   0x00000002   PAD
    0x08003e8c   0x00000020   Code   RO         4826    i.tcp_client_senddata  tcp_client_demo.o
    0x08003eac   0x00000034   Code   RO         4827    i.tcp_client_timedout  tcp_client_demo.o
    0x08003ee0   0x00000048   Code   RO         4886    i.tcp_demo_appcall  tcp_demo.o
    0x08003f28   0x00000034   Code   RO         4910    i.tcp_server_aborted  tcp_server_demo.o
    0x08003f5c   0x00000030   Code   RO         4911    i.tcp_server_acked  tcp_server_demo.o
    0x08003f8c   0x00000034   Code   RO         4912    i.tcp_server_closed  tcp_server_demo.o
    0x08003fc0   0x00000080   Code   RO         4913    i.tcp_server_connected  tcp_server_demo.o
    0x08004040   0x00000100   Code   RO         4914    i.tcp_server_demo_appcall  tcp_server_demo.o
    0x08004140   0x00000020   Code   RO         4915    i.tcp_server_senddata  tcp_server_demo.o
    0x08004160   0x00000034   Code   RO         4916    i.tcp_server_timedout  tcp_server_demo.o
    0x08004194   0x00000070   Code   RO         5050    i.tcp_stats         httpd-cgi.o
    0x08004204   0x0000001a   Code   RO         4450    i.timer_expired     timer.o
    0x0800421e   0x0000000a   Code   RO         4451    i.timer_reset       timer.o
    0x08004228   0x00000010   Code   RO         4453    i.timer_set         timer.o
    0x08004238   0x00000070   Code   RO         4482    i.uip_add32         uip.o
    0x080042a8   0x00000044   Code   RO         4483    i.uip_add_rcv_nxt   uip.o
    0x080042ec   0x000000e8   Code   RO         4597    i.uip_arp_arpin     uip_arp.o
    0x080043d4   0x000001a0   Code   RO         4599    i.uip_arp_out       uip_arp.o
    0x08004574   0x00000058   Code   RO         4600    i.uip_arp_timer     uip_arp.o
    0x080045cc   0x00000124   Code   RO         4601    i.uip_arp_update    uip_arp.o
    0x080046f0   0x00000110   Code   RO         4485    i.uip_connect       uip.o
    0x08004800   0x0000006c   Code   RO         4486    i.uip_init          uip.o
    0x0800486c   0x00000024   Code   RO         4487    i.uip_ipchksum      uip.o
    0x08004890   0x00000040   Code   RO         4488    i.uip_listen        uip.o
    0x080048d0   0x00000020   Code   RO         4887    i.uip_log           tcp_demo.o
    0x080048f0   0x000000ec   Code   RO            7    i.uip_polling       main.o
    0x080049dc   0x00000fac   Code   RO         4489    i.uip_process       uip.o
    0x08005988   0x00000030   Code   RO         4490    i.uip_send          uip.o
    0x080059b8   0x0000000a   Code   RO         4492    i.uip_tcpchksum     uip.o
    0x080059c2   0x00000002   PAD
    0x080059c4   0x00000048   Code   RO         4495    i.upper_layer_chksum  uip.o
    0x08005a0c   0x00000018   Data   RO          520    .constdata          rtc.o
    0x08005a24   0x00000100   Data   RO         3688    .constdata          os_core.o
    0x08005b24   0x00000004   Data   RO         4497    .constdata          uip.o
    0x08005b28   0x0000000a   Data   RO         4603    .constdata          uip_arp.o
    0x08005b32   0x00000006   Data   RO         4796    .constdata          tapdev.o
    0x08005b38   0x0000006e   Data   RO         5051    .constdata          httpd-cgi.o
    0x08005ba6   0x00000002   PAD
    0x08005ba8   0x000012dc   Data   RO         5099    .constdata          httpd-fs.o
    0x08006e84   0x0000024a   Data   RO         5134    .constdata          http-strings.o
    0x080070ce   0x00000011   Data   RO         5181    .constdata          c_w.l(__printf_flags_ss_wp.o)
    0x080070df   0x00000001   PAD
    0x080070e0   0x000000d5   Data   RO         4981    .conststring        httpd.o
    0x080071b5   0x00000003   PAD
    0x080071b8   0x00000086   Data   RO         5052    .conststring        httpd-cgi.o
    0x0800723e   0x00000002   PAD
    0x08007240   0x00000020   Data   RO         5496    Region$$Table       anon$$obj.o


    Execution Region ER_RW (Base: 0x20000000, Size: 0x00000724, Max: 0xffffffff, ABSOLUTE, COMPRESSED[0x00000400])

    Base Addr    Size         Type   Attr      Idx    E Section Name        Object

    0x20000000   0x00000011   Data   RW            9    .data               main.o
    0x20000011   0x00000003   PAD
    0x20000014   0x00000014   Data   RW          321    .data               system_stm32f10x.o
    0x20000028   0x00000008   Data   RW          377    .data               enc28j60.o
    0x20000030   0x00000004   Data   RW          493    .data               tim.o
    0x20000034   0x00000002   Data   RW          521    .data               rtc.o
    0x20000036   0x00000004   Data   RW          574    .data               delay.o
    0x2000003a   0x00000002   PAD
    0x2000003c   0x00000006   Data   RW          629    .data               usart.o
    0x20000042   0x00000002   PAD
    0x20000044   0x00000048   Data   RW         3689    .data               os_core.o
    0x2000008c   0x00000038   Data   RW         4498    .data               uip.o
    0x200000c4   0x00000008   Data   RW         4604    .data               uip_arp.o
    0x200000cc   0x00000001   Data   RW         4829    .data               tcp_client_demo.o
    0x200000cd   0x00000001   Data   RW         4918    .data               tcp_server_demo.o
    0x200000ce   0x00000002   PAD
    0x200000d0   0x0000000c   Data   RW         4982    .data               httpd.o
    0x200000dc   0x00000034   Data   RW         5053    .data               httpd-cgi.o
    0x20000110   0x00000611   Data   RW         5100    .data               httpd-fs.o


    Execution Region ER_ZI (Base: 0x20000724, Size: 0x00002e7c, Max: 0xffffffff, ABSOLUTE)

    Base Addr    Size         Type   Attr      Idx    E Section Name        Object

    0x20000724   0x00000400   Zero   RW            8    .bss                main.o
    0x20000b24   0x0000000a   Zero   RW          519    .bss                rtc.o
    0x20000b2e   0x000000c8   Zero   RW          628    .bss                usart.o
    0x20000bf6   0x00000002   PAD
    0x20000bf8   0x00000a80   Zero   RW         3687    .bss                os_core.o
    0x20001678   0x000016c0   Zero   RW         4496    .bss                uip.o
    0x20002d38   0x00000060   Zero   RW         4602    .bss                uip_arp.o
    0x20002d98   0x000000c8   Zero   RW         4828    .bss                tcp_client_demo.o
    0x20002e60   0x000000c8   Zero   RW         4917    .bss                tcp_server_demo.o
    0x20002f28   0x00000014   Zero   RW         5098    .bss                httpd-fs.o
    0x20002f3c   0x00000060   Zero   RW         5370    .bss                c_w.l(libspace.o)
    0x20002f9c   0x00000004   PAD
    0x20002fa0   0x00000200   Zero   RW          685    HEAP                startup_stm32f10x_hd.o
    0x200031a0   0x00000400   Zero   RW          684    STACK               startup_stm32f10x_hd.o


==============================================================================

Image component sizes


      Code (inc. data)   RO Data    RW Data    ZI Data      Debug   Object Name

        12          6          0          0          0        421   clock-arch.o
         0          0          0          0          0         32   core_cm3.o
       320         40          0          4          0       3525   delay.o
      1356         64          0          8          0       8332   enc28j60.o
         0          0        586          0          0       2189   http-strings.o
       626         74        244         52          0       5596   httpd-cgi.o
       176         20       4828       1553         20       4450   httpd-fs.o
      2394        222        213         12          0       7883   httpd.o
        52          6          0          0          0        459   led.o
       662         86          0         17       1024     275775   main.o
       172         22          0          0          0       1937   misc.o
      1938        382        256         72       2688      18407   os_core.o
       180         36          0          0          0        308   os_cpu_a.o
       170          0          0          0          0      12419   os_cpu_c.o
        88         14          0          0          0        562   os_flag.o
        80          8          0          0          0        531   os_q.o
       790         64          0          0          0       5052   os_task.o
       120         20          0          0          0        588   os_time.o
       766         42          0          0          0       6416   psock.o
       908         42         24          2         10       5266   rtc.o
       120          8          0          0          0       1089   spi.o
        64         26        304          0       1536        776   startup_stm32f10x_hd.o
        72         10          0          0          0       2564   stm32f10x_bkp.o
       282          0          0          0          0       2399   stm32f10x_gpio.o
        22          0          0          0          0       2679   stm32f10x_it.o
        12          6          0          0          0        482   stm32f10x_pwr.o
       216         38          0          0          0       3642   stm32f10x_rcc.o
       240         44          0          0          0       4347   stm32f10x_rtc.o
       112          0          0          0          0       3638   stm32f10x_spi.o
       246         42          0          0          0       3366   stm32f10x_tim.o
        94          0          0          0          0       2628   stm32f10x_usart.o
       328         28          0         20          0       1937   system_stm32f10x.o
       100         24          6          0          0       1946   tapdev.o
       670        228          0          1        200      11726   tcp_client_demo.o
       104         24          0          0          0       1877   tcp_demo.o
       620        228          0          1        200       4785   tcp_server_demo.o
       136         14          0          4          0       1250   tim.o
        52          0          0          0          0       1718   timer.o
      4884        566          4         56       5824      16782   uip.o
      1028         98         10          8         96       3670   uip_arp.o
       178         18          0          6        200       3904   usart.o

    ----------------------------------------------------------------------
     20430       2550       6514       1828      11800     437353   Object Totals
         0          0         32          0          0          0   (incl. Generated)
        40          0          7         12          2          0   (incl. Padding)

    ----------------------------------------------------------------------

      Code (inc. data)   RO Data    RW Data    ZI Data      Debug   Library Member Name

        24          4          0          0          0         84   __2printf.o
        56          6          0          0          0         88   __2snprintf.o
       100          0          0          0          0          0   __dclz77c.o
         8          0          0          0          0         68   __main.o
       392          4         17          0          0         92   __printf_flags_ss_wp.o
        14          0          0          0          0         68   __printf_wp.o
         0          0          0          0          0          0   __rtentry.o
        12          0          0          0          0          0   __rtentry2.o
         6          0          0          0          0          0   __rtentry4.o
        52          8          0          0          0          0   __scatter.o
        28          0          0          0          0          0   __scatter_zi.o
         6          0          0          0          0          0   _printf_c.o
        44          0          0          0          0        108   _printf_char.o
        48          6          0          0          0         96   _printf_char_common.o
        36          4          0          0          0         80   _printf_char_file.o
         6          0          0          0          0          0   _printf_d.o
       120         16          0          0          0         92   _printf_dec.o
       178          0          0          0          0         88   _printf_intcommon.o
        78          0          0          0          0        108   _printf_pad.o
         0          0          0          0          0          0   _printf_percent.o
         4          0          0          0          0          0   _printf_percent_end.o
         6          0          0          0          0          0   _printf_s.o
        82          0          0          0          0         80   _printf_str.o
         6          0          0          0          0          0   _printf_u.o
        16          0          0          0          0         68   _snputc.o
        10          0          0          0          0         68   _sputc.o
        16          0          0          0          0         68   aeabi_memset.o
        12          0          0          0          0         72   exit.o
         8          0          0          0          0         68   ferror.o
         6          0          0          0          0        152   heapauxi.o
         2          0          0          0          0          0   libinit.o
         2          0          0          0          0          0   libinit2.o
         2          0          0          0          0          0   libshutdown.o
         2          0          0          0          0          0   libshutdown2.o
         8          4          0          0         96         68   libspace.o
        68          0          0          0          0         68   rt_memclr.o
        78          0          0          0          0         80   rt_memclr_w.o
       138          0          0          0          0         68   rt_memcpy_v6.o
       100          0          0          0          0         80   rt_memcpy_w.o
         2          0          0          0          0          0   rtexit.o
        10          0          0          0          0          0   rtexit2.o
        20          0          0          0          0         68   strchr.o
        72          0          0          0          0         80   strcpy.o
        62          0          0          0          0         76   strlen.o
       150          0          0          0          0         80   strncmp.o
        86          0          0          0          0         76   strncpy.o
        22          0          0          0          0         68   strrchr.o
        36          0          0          0          0         80   strstr.o
        74          0          0          0          0         80   sys_stackheap_outer.o
         2          0          0          0          0         68   use_no_semi.o
         2          0          0          0          0         68   use_no_semi_2.o

    ----------------------------------------------------------------------
      2318         52         18          0        100       2656   Library Totals
         6          0          1          0          4          0   (incl. Padding)

    ----------------------------------------------------------------------

      Code (inc. data)   RO Data    RW Data    ZI Data      Debug   Library Name

      2312         52         17          0         96       2656   c_w.l

    ----------------------------------------------------------------------
      2318         52         18          0        100       2656   Library Totals

    ----------------------------------------------------------------------

==============================================================================


      Code (inc. data)   RO Data    RW Data    ZI Data      Debug   

     22748       2602       6532       1828      11900     428513   Grand Totals
     22748       2602       6532       1024      11900     428513   ELF Image Totals (compressed)
     22748       2602       6532       1024          0          0   ROM Totals

==============================================================================

    Total RO  Size (Code + RO Data)                29280 (  28.59kB)
    Total RW  Size (RW Data + ZI Data)             13728 (  13.41kB)
    Total ROM Size (Code + RO Data + RW Data)      30304 (  29.59kB)

==============================================================================

